---
http_interactions:
- request:
    method: get
    uri: http://devstack.openstack.stack:8776/v2/2ab82e30d7984631874def67813dffd8/volumes/detail?name=fog-testvolume-1
    body:
      encoding: US-ASCII
      string: ''
    headers:
      User-Agent:
      - fog-core/1.38.0
      Proxy-Connection:
      - Keep-Alive
      Content-Type:
      - application/json
      Accept:
      - application/json
      X-Auth-Token:
      - 96082e8bba9d418b8ce232496fa059ab
  response:
    status:
      code: 200
      message: ''
    headers:
      X-Compute-Request-Id:
      - req-0ff504b8-4ef5-4f43-acc2-5710c23d69d1
      Content-Type:
      - application/json
      Content-Length:
      - '15'
      X-Openstack-Request-Id:
      - req-0ff504b8-4ef5-4f43-acc2-5710c23d69d1
      Date:
      - Tue, 03 May 2016 14:16:11 GMT
      X-Cache:
      - MISS from i056593-u1404
      X-Cache-Lookup:
      - MISS from i056593-u1404:3128
      Via:
      - 1.1 i056593-u1404 (squid/3.3.8)
      Connection:
      - keep-alive
    body:
      encoding: UTF-8
      string: '{"volumes": []}'
    http_version: 
  recorded_at: Tue, 03 May 2016 14:16:11 GMT
- request:
    method: post
    uri: http://devstack.openstack.stack:8776/v2/2ab82e30d7984631874def67813dffd8/volumes
    body:
      encoding: UTF-8
      string: '{"volume":{"name":"fog-testvolume-1","description":null,"size":1}}'
    headers:
      User-Agent:
      - fog-core/1.38.0
      Proxy-Connection:
      - Keep-Alive
      Content-Type:
      - application/json
      Accept:
      - application/json
      X-Auth-Token:
      - 96082e8bba9d418b8ce232496fa059ab
  response:
    status:
      code: 202
      message: ''
    headers:
      X-Compute-Request-Id:
      - req-ec5b94c4-bb85-466e-abba-5b8831e3edec
      Content-Type:
      - application/json
      Content-Length:
      - '800'
      X-Openstack-Request-Id:
      - req-ec5b94c4-bb85-466e-abba-5b8831e3edec
      Date:
      - Tue, 03 May 2016 14:16:11 GMT
      X-Cache:
      - MISS from i056593-u1404
      X-Cache-Lookup:
      - MISS from i056593-u1404:3128
      Via:
      - 1.1 i056593-u1404 (squid/3.3.8)
      Connection:
      - keep-alive
    body:
      encoding: UTF-8
      string: '{"volume": {"status": "creating", "migration_status": null, "user_id":
        "205e0e39a2534743b517ed0aa2fbcda7", "attachments": [], "links": [{"href":
        "http://devstack.openstack.stack:8776/v2/2ab82e30d7984631874def67813dffd8/volumes/8f3fd916-39c6-4ae1-8e43-683077b2a6af",
        "rel": "self"}, {"href": "http://devstack.openstack.stack:8776/2ab82e30d7984631874def67813dffd8/volumes/8f3fd916-39c6-4ae1-8e43-683077b2a6af",
        "rel": "bookmark"}], "availability_zone": "nova", "bootable": "false", "encrypted":
        false, "created_at": "2016-05-03T14:16:11.707842", "description": null, "volume_type":
        "lvmdriver-1", "name": "fog-testvolume-1", "replication_status": "disabled",
        "consistencygroup_id": null, "source_volid": null, "snapshot_id": null, "multiattach":
        false, "metadata": {}, "id": "8f3fd916-39c6-4ae1-8e43-683077b2a6af", "size":
        1}}'
    http_version: 
  recorded_at: Tue, 03 May 2016 14:16:11 GMT
- request:
    method: get
    uri: http://devstack.openstack.stack:8776/v2/2ab82e30d7984631874def67813dffd8/volumes/8f3fd916-39c6-4ae1-8e43-683077b2a6af
    body:
      encoding: US-ASCII
      string: ''
    headers:
      User-Agent:
      - fog-core/1.38.0
      Proxy-Connection:
      - Keep-Alive
      Content-Type:
      - application/json
      Accept:
      - application/json
      X-Auth-Token:
      - 96082e8bba9d418b8ce232496fa059ab
  response:
    status:
      code: 200
      message: ''
    headers:
      X-Compute-Request-Id:
      - req-49a58f15-833e-4509-b761-86ce51387c81
      Content-Type:
      - application/json
      Content-Length:
      - '1103'
      X-Openstack-Request-Id:
      - req-49a58f15-833e-4509-b761-86ce51387c81
      Date:
      - Tue, 03 May 2016 14:16:12 GMT
      X-Cache:
      - MISS from i056593-u1404
      X-Cache-Lookup:
      - MISS from i056593-u1404:3128
      Via:
      - 1.1 i056593-u1404 (squid/3.3.8)
      Connection:
      - keep-alive
    body:
      encoding: UTF-8
      string: '{"volume": {"migration_status": null, "attachments": [], "links": [{"href":
        "http://devstack.openstack.stack:8776/v2/2ab82e30d7984631874def67813dffd8/volumes/8f3fd916-39c6-4ae1-8e43-683077b2a6af",
        "rel": "self"}, {"href": "http://devstack.openstack.stack:8776/2ab82e30d7984631874def67813dffd8/volumes/8f3fd916-39c6-4ae1-8e43-683077b2a6af",
        "rel": "bookmark"}], "availability_zone": "nova", "os-vol-host-attr:host":
        "mo-0e4c34476@lvmdriver-1#lvmdriver-1", "encrypted": false, "os-volume-replication:extended_status":
        null, "replication_status": "disabled", "snapshot_id": null, "id": "8f3fd916-39c6-4ae1-8e43-683077b2a6af",
        "size": 1, "user_id": "205e0e39a2534743b517ed0aa2fbcda7", "os-vol-tenant-attr:tenant_id":
        "2ab82e30d7984631874def67813dffd8", "os-vol-mig-status-attr:migstat": null,
        "metadata": {}, "status": "creating", "description": null, "multiattach":
        false, "os-volume-replication:driver_data": null, "source_volid": null, "consistencygroup_id":
        null, "os-vol-mig-status-attr:name_id": null, "name": "fog-testvolume-1",
        "bootable": "false", "created_at": "2016-05-03T14:16:11.000000", "volume_type":
        "lvmdriver-1"}}'
    http_version: 
  recorded_at: Tue, 03 May 2016 14:16:12 GMT
- request:
    method: get
    uri: http://devstack.openstack.stack:8776/v2/2ab82e30d7984631874def67813dffd8/volumes/8f3fd916-39c6-4ae1-8e43-683077b2a6af
    body:
      encoding: US-ASCII
      string: ''
    headers:
      User-Agent:
      - fog-core/1.38.0
      Proxy-Connection:
      - Keep-Alive
      Content-Type:
      - application/json
      Accept:
      - application/json
      X-Auth-Token:
      - 96082e8bba9d418b8ce232496fa059ab
  response:
    status:
      code: 200
      message: ''
    headers:
      X-Compute-Request-Id:
      - req-52bfabb4-4672-4edc-b384-27ff9b27136b
      Content-Type:
      - application/json
      Content-Length:
      - '1104'
      X-Openstack-Request-Id:
      - req-52bfabb4-4672-4edc-b384-27ff9b27136b
      Date:
      - Tue, 03 May 2016 14:16:13 GMT
      X-Cache:
      - MISS from i056593-u1404
      X-Cache-Lookup:
      - MISS from i056593-u1404:3128
      Via:
      - 1.1 i056593-u1404 (squid/3.3.8)
      Connection:
      - keep-alive
    body:
      encoding: UTF-8
      string: '{"volume": {"migration_status": null, "attachments": [], "links": [{"href":
        "http://devstack.openstack.stack:8776/v2/2ab82e30d7984631874def67813dffd8/volumes/8f3fd916-39c6-4ae1-8e43-683077b2a6af",
        "rel": "self"}, {"href": "http://devstack.openstack.stack:8776/2ab82e30d7984631874def67813dffd8/volumes/8f3fd916-39c6-4ae1-8e43-683077b2a6af",
        "rel": "bookmark"}], "availability_zone": "nova", "os-vol-host-attr:host":
        "mo-0e4c34476@lvmdriver-1#lvmdriver-1", "encrypted": false, "os-volume-replication:extended_status":
        null, "replication_status": "disabled", "snapshot_id": null, "id": "8f3fd916-39c6-4ae1-8e43-683077b2a6af",
        "size": 1, "user_id": "205e0e39a2534743b517ed0aa2fbcda7", "os-vol-tenant-attr:tenant_id":
        "2ab82e30d7984631874def67813dffd8", "os-vol-mig-status-attr:migstat": null,
        "metadata": {}, "status": "available", "description": null, "multiattach":
        false, "os-volume-replication:driver_data": null, "source_volid": null, "consistencygroup_id":
        null, "os-vol-mig-status-attr:name_id": null, "name": "fog-testvolume-1",
        "bootable": "false", "created_at": "2016-05-03T14:16:11.000000", "volume_type":
        "lvmdriver-1"}}'
    http_version: 
  recorded_at: Tue, 03 May 2016 14:16:13 GMT
- request:
    method: get
    uri: http://devstack.openstack.stack:8776/v2/2ab82e30d7984631874def67813dffd8/os-volume-transfer/detail?name=fog-testtransfer-1
    body:
      encoding: US-ASCII
      string: ''
    headers:
      User-Agent:
      - fog-core/1.38.0
      Proxy-Connection:
      - Keep-Alive
      Content-Type:
      - application/json
      Accept:
      - application/json
      X-Auth-Token:
      - 96082e8bba9d418b8ce232496fa059ab
  response:
    status:
      code: 200
      message: ''
    headers:
      X-Compute-Request-Id:
      - req-1de12529-e3f7-4d47-8e5b-d3bf1e2ac5d6
      Content-Type:
      - application/json
      Content-Length:
      - '17'
      X-Openstack-Request-Id:
      - req-1de12529-e3f7-4d47-8e5b-d3bf1e2ac5d6
      Date:
      - Tue, 03 May 2016 14:16:13 GMT
      X-Cache:
      - MISS from i056593-u1404
      X-Cache-Lookup:
      - MISS from i056593-u1404:3128
      Via:
      - 1.1 i056593-u1404 (squid/3.3.8)
      Connection:
      - keep-alive
    body:
      encoding: UTF-8
      string: '{"transfers": []}'
    http_version: 
  recorded_at: Tue, 03 May 2016 14:16:13 GMT
- request:
    method: post
    uri: http://devstack.openstack.stack:8776/v2/2ab82e30d7984631874def67813dffd8/os-volume-transfer
    body:
      encoding: UTF-8
      string: '{"transfer":{"volume_id":"8f3fd916-39c6-4ae1-8e43-683077b2a6af","name":"fog-testtransfer-1"}}'
    headers:
      User-Agent:
      - fog-core/1.38.0
      Proxy-Connection:
      - Keep-Alive
      Content-Type:
      - application/json
      Accept:
      - application/json
      X-Auth-Token:
      - 96082e8bba9d418b8ce232496fa059ab
  response:
    status:
      code: 202
      message: ''
    headers:
      X-Compute-Request-Id:
      - req-458789a9-f873-4b4d-8247-50a48b3eb892
      Content-Type:
      - application/json
      Content-Length:
      - '521'
      X-Openstack-Request-Id:
      - req-458789a9-f873-4b4d-8247-50a48b3eb892
      Date:
      - Tue, 03 May 2016 14:16:14 GMT
      X-Cache:
      - MISS from i056593-u1404
      X-Cache-Lookup:
      - MISS from i056593-u1404:3128
      Via:
      - 1.1 i056593-u1404 (squid/3.3.8)
      Connection:
      - keep-alive
    body:
      encoding: UTF-8
      string: '{"transfer": {"auth_key": "16646b89e48ba00b", "links": [{"href": "http://devstack.openstack.stack:8776/v2/2ab82e30d7984631874def67813dffd8/os-volume-transfer/e5ad5e93-1875-46eb-a55d-e45960b222e9",
        "rel": "self"}, {"href": "http://devstack.openstack.stack:8776/2ab82e30d7984631874def67813dffd8/os-volume-transfer/e5ad5e93-1875-46eb-a55d-e45960b222e9",
        "rel": "bookmark"}], "created_at": "2016-05-03T14:16:13.969010", "volume_id":
        "8f3fd916-39c6-4ae1-8e43-683077b2a6af", "id": "e5ad5e93-1875-46eb-a55d-e45960b222e9",
        "name": "fog-testtransfer-1"}}'
    http_version: 
  recorded_at: Tue, 03 May 2016 14:16:14 GMT
- request:
    method: post
    uri: http://devstack.openstack.stack:5000/v3/auth/tokens
    body:
      encoding: UTF-8
      string: '{"auth":{"identity":{"methods":["password"],"password":{"user":{"password":"password","domain":{"name":"Default"},"name":"demo"}}},"scope":{"project":{"name":"demo","domain":{"name":"Default"}}}}}'
    headers:
      User-Agent:
      - fog-core/1.38.0
      Content-Type:
      - application/json
  response:
    status:
      code: 201
      message: ''
    headers:
      Date:
      - Tue, 03 May 2016 14:16:14 GMT
      Server:
      - Apache/2.4.7 (Ubuntu)
      X-Subject-Token:
      - 5caa8654d3f748f891431bf7eda6e949
      Vary:
      - X-Auth-Token
      X-Openstack-Request-Id:
      - req-dba14647-8090-4ad1-b292-7eac9cd9016b
      Content-Length:
      - '7367'
      Content-Type:
      - application/json
    body:
      encoding: UTF-8
      string: '{"token": {"methods": ["password"], "roles": [{"id": "d97660751404495ab8c405826d547c16",
        "name": "Member"}, {"id": "eb9f0f3b348042ffa65f9d33e5d72014", "name": "anotherrole"}],
        "expires_at": "2016-05-03T15:16:14.376971Z", "project": {"domain": {"id":
        "default", "name": "Default"}, "id": "a5db6ff5a6274dd589b6a05945d7f34d", "name":
        "demo"}, "catalog": [{"endpoints": [{"region_id": "RegionOne", "url": "http://devstack.openstack.stack:8776/v2/a5db6ff5a6274dd589b6a05945d7f34d",
        "region": "RegionOne", "interface": "public", "id": "0e40a16fd8ad4045ae738b749818818e"},
        {"region_id": "RegionOne", "url": "http://devstack.openstack.stack:8776/v2/a5db6ff5a6274dd589b6a05945d7f34d",
        "region": "RegionOne", "interface": "internal", "id": "1ebe166449b34147ac4df07e492571d9"},
        {"region_id": "RegionOne", "url": "http://devstack.openstack.stack:8776/v2/a5db6ff5a6274dd589b6a05945d7f34d",
        "region": "RegionOne", "interface": "admin", "id": "b2ae2902e8104f05b5fd2def27a4537a"}],
        "type": "volumev2", "id": "1766683b2f9f4ef2acf7f9e4e359fb9a", "name": "cinderv2"},
        {"endpoints": [], "type": "metering", "id": "18dbb2f0ddeb45b99d11ed0568f153ab",
        "name": "ceilometer"}, {"endpoints": [{"region_id": "RegionOne", "url": "http://mo-edbdf14f1.mo.sap.corp:8777/",
        "region": "RegionOne", "interface": "admin", "id": "6f44eb5bf4e646f9a7afebb1f32501f1"},
        {"region_id": "RegionOne", "url": "http://mo-edbdf14f1.mo.sap.corp:8777/",
        "region": "RegionOne", "interface": "public", "id": "9bb4f1c83833484e9d53ce2b57d6308b"},
        {"region_id": "RegionOne", "url": "http://mo-edbdf14f1.mo.sap.corp:8777/",
        "region": "RegionOne", "interface": "internal", "id": "e62f1c8709554031ace717700c431635"}],
        "type": "metering", "id": "261a2c1f467c4b148f38822ae9f179a3", "name": "ceilometer"},
        {"endpoints": [{"region_id": "RegionOne", "url": "http://devstack.openstack.stack:35357/v3",
        "region": "RegionOne", "interface": "admin", "id": "634d57ce5d534c808afb24127b7ac355"},
        {"region_id": "RegionOne", "url": "http://devstack.openstack.stack:5000/v3", "region":
        "RegionOne", "interface": "public", "id": "8a7a2620740c4c2fb6fabf15746c101f"},
        {"region_id": "RegionOne", "url": "http://devstack.openstack.stack:5000/v3", "region":
        "RegionOne", "interface": "internal", "id": "b53b60875b214e7f925f96d3a2a57464"}],
        "type": "identity", "id": "311850187e5a47108ac9b43ec5346658", "name": "keystone"},
        {"endpoints": [{"region_id": "RegionOne", "url": "http://devstack.openstack.stack:8774/v2.1/a5db6ff5a6274dd589b6a05945d7f34d",
        "region": "RegionOne", "interface": "admin", "id": "156ba3bcbd3f4544ad1008159022d7fa"},
        {"region_id": "RegionOne", "url": "http://devstack.openstack.stack:8774/v2.1/a5db6ff5a6274dd589b6a05945d7f34d",
        "region": "RegionOne", "interface": "internal", "id": "9a532e6593c242698ee0ef4d348147ed"},
        {"region_id": "RegionOne", "url": "http://devstack.openstack.stack:8774/v2.1/a5db6ff5a6274dd589b6a05945d7f34d",
        "region": "RegionOne", "interface": "public", "id": "f7f1d535541a4c808a8d3747343712a0"}],
        "type": "compute", "id": "3fd114ff2cff43be8bd3ecc5bc117ec8", "name": "nova"},
        {"endpoints": [{"region_id": "RegionOne", "url": "http://devstack.openstack.stack:8776/v1/a5db6ff5a6274dd589b6a05945d7f34d",
        "region": "RegionOne", "interface": "internal", "id": "bb95738666b94144802d02b313a3520d"},
        {"region_id": "RegionOne", "url": "http://devstack.openstack.stack:8776/v1/a5db6ff5a6274dd589b6a05945d7f34d",
        "region": "RegionOne", "interface": "admin", "id": "d7f48b18a887467ca02c943704dcbd91"},
        {"region_id": "RegionOne", "url": "http://devstack.openstack.stack:8776/v1/a5db6ff5a6274dd589b6a05945d7f34d",
        "region": "RegionOne", "interface": "public", "id": "e81eef3261494c4299a972a8c7bf669e"}],
        "type": "volume", "id": "4a6033d57e30494a9577358d90d08123", "name": "cinder"},
        {"endpoints": [{"region_id": "RegionOne", "url": "http://devstack.openstack.stack:8773/",
        "region": "RegionOne", "interface": "internal", "id": "54546c7c383a4d6abc2b93c94d75e2f7"},
        {"region_id": "RegionOne", "url": "http://devstack.openstack.stack:8773/", "region": "RegionOne",
        "interface": "admin", "id": "b253dd3d3f7d43d8ab35ad97c68440c3"}, {"region_id":
        "RegionOne", "url": "http://devstack.openstack.stack:8773/", "region": "RegionOne", "interface":
        "public", "id": "e7287110f01248d49cef8447d0f8d2cb"}], "type": "ec2", "id":
        "5eff43878c134ae7a5f405cf0d191aff", "name": "ec2"}, {"endpoints": [{"region_id":
        "RegionOne", "url": "http://i056593.dev.mo.sap.corp:8080/v2.0", "region":
        "RegionOne", "interface": "internal", "id": "11d18be7930947f696db531c9bbdf245"},
        {"region_id": "RegionOne", "url": "http://i056593.dev.mo.sap.corp:8080/v2.0",
        "region": "RegionOne", "interface": "admin", "id": "a603e6ffd0804c4f82a8770d71dede64"},
        {"region_id": "RegionOne", "url": "http://i056593.dev.mo.sap.corp:8080/v2.0",
        "region": "RegionOne", "interface": "public", "id": "cf084db111ad4818a4f94080e0ed7819"}],
        "type": "monitoring", "id": "73e3bfb0b1b944f0ace3a078baad1fcc", "name": "Monitoring"},
        {"endpoints": [{"region_id": "RegionOne", "url": "http://devstack.openstack.stack:8774/v2/a5db6ff5a6274dd589b6a05945d7f34d",
        "region": "RegionOne", "interface": "admin", "id": "0f962cae636846009772e0bd81c39d49"},
        {"region_id": "RegionOne", "url": "http://devstack.openstack.stack:8774/v2/a5db6ff5a6274dd589b6a05945d7f34d",
        "region": "RegionOne", "interface": "public", "id": "36828cbcbe6843dbace247d1674e924a"},
        {"region_id": "RegionOne", "url": "http://devstack.openstack.stack:8774/v2/a5db6ff5a6274dd589b6a05945d7f34d",
        "region": "RegionOne", "interface": "internal", "id": "edfc5903d27a42bbb5ebf806ecac3d22"}],
        "type": "compute_legacy", "id": "92e80becd6d8462b8f51fb227eb11999", "name":
        "nova_legacy"}, {"endpoints": [{"region_id": "RegionOne", "url": "http://devstack.openstack.stack:9292",
        "region": "RegionOne", "interface": "admin", "id": "acebdcb3418045b9a62ed295349327c3"},
        {"region_id": "RegionOne", "url": "http://devstack.openstack.stack:9292", "region": "RegionOne",
        "interface": "public", "id": "b3b24c2c4ef44ff48049caff79149091"}, {"region_id":
        "RegionOne", "url": "http://devstack.openstack.stack:9292", "region": "RegionOne", "interface":
        "internal", "id": "b9d30173e66148baa3ab2dc2df33cb5e"}], "type": "image", "id":
        "b936e5bfd38e4a3b97fcb8d08840881f", "name": "glance"}, {"endpoints": [{"region_id":
        "RegionOne", "url": "http://devstack.openstack.stack:9696/", "region": "RegionOne", "interface":
        "admin", "id": "1a6718d75cd94e24993a27d275442a17"}, {"region_id": "RegionOne",
        "url": "http://devstack.openstack.stack:9696/", "region": "RegionOne", "interface": "public",
        "id": "5cfedecf28a54bd38031380dd0c255b1"}, {"region_id": "RegionOne", "url":
        "http://devstack.openstack.stack:9696/", "region": "RegionOne", "interface": "internal",
        "id": "e1be91e12d5646a8830c32146a3ed1aa"}], "type": "network", "id": "c626cfc79ed34e3699c2d96c58d105cd",
        "name": "neutron"}, {"endpoints": [{"region_id": "RegionOne", "url": "http://devstack.openstack.stack:8090/v1/AUTH_a5db6ff5a6274dd589b6a05945d7f34d",
        "region": "RegionOne", "interface": "public", "id": "6531f16841454331908be0fb35dca95a"},
        {"region_id": "RegionOne", "url": "http://devstack.openstack.stack:8090/v1/AUTH_a5db6ff5a6274dd589b6a05945d7f34d",
        "region": "RegionOne", "interface": "internal", "id": "a5e54f1ba61e4756b55c3f346bcf9219"},
        {"region_id": "RegionOne", "url": "http://devstack.openstack.stack:8090", "region": "RegionOne",
        "interface": "admin", "id": "b91bd1a6c34b4973b3d48f94516358bc"}], "type":
        "object-store", "id": "e6a92b95728740ea9bda0c348a89f0f1", "name": "swift"}],
        "extras": {}, "user": {"domain": {"id": "default", "name": "Default"}, "id":
        "d66fbe28f45a405a87fd32bb30f7c42e", "name": "demo"}, "audit_ids": ["ZfdPzHNGQKONDTijEgoiMg"],
        "issued_at": "2016-05-03T14:16:14.377018Z"}}'
    http_version: 
  recorded_at: Tue, 03 May 2016 14:16:14 GMT
- request:
    method: delete
    uri: http://devstack.openstack.stack:8776/v2/2ab82e30d7984631874def67813dffd8/os-volume-transfer/e5ad5e93-1875-46eb-a55d-e45960b222e9
    body:
      encoding: US-ASCII
      string: ''
    headers:
      User-Agent:
      - fog-core/1.38.0
      Proxy-Connection:
      - Keep-Alive
      Content-Type:
      - application/json
      Accept:
      - application/json
      X-Auth-Token:
      - 96082e8bba9d418b8ce232496fa059ab
  response:
    status:
      code: 202
      message: ''
    headers:
      Content-Type:
      - text/html; charset=UTF-8
      Content-Length:
      - '0'
      X-Openstack-Request-Id:
      - req-73e395e5-0040-43e9-86d0-3daf84be213c
      Date:
      - Tue, 03 May 2016 14:16:14 GMT
      X-Cache:
      - MISS from i056593-u1404
      X-Cache-Lookup:
      - MISS from i056593-u1404:3128
      Via:
      - 1.1 i056593-u1404 (squid/3.3.8)
      Connection:
      - keep-alive
    body:
      encoding: UTF-8
      string: ''
    http_version: 
  recorded_at: Tue, 03 May 2016 14:16:15 GMT
- request:
    method: post
    uri: http://devstack.openstack.stack:8776/v2/a5db6ff5a6274dd589b6a05945d7f34d/os-volume-transfer/e5ad5e93-1875-46eb-a55d-e45960b222e9/accept
    body:
      encoding: UTF-8
      string: '{"accept":{"auth_key":"16646b89e48ba00b"}}'
    headers:
      User-Agent:
      - fog-core/1.38.0
      Proxy-Connection:
      - Keep-Alive
      Content-Type:
      - application/json
      Accept:
      - application/json
      X-Auth-Token:
      - 5caa8654d3f748f891431bf7eda6e949
  response:
    status:
      code: 404
      message: ''
    headers:
      Content-Length:
      - '129'
      Content-Type:
      - application/json; charset=UTF-8
      X-Compute-Request-Id:
      - req-7494843e-5285-4150-b4b2-ea63d073eea1
      X-Openstack-Request-Id:
      - req-7494843e-5285-4150-b4b2-ea63d073eea1
      Date:
      - Tue, 03 May 2016 14:16:15 GMT
      X-Cache:
      - MISS from i056593-u1404
      X-Cache-Lookup:
      - MISS from i056593-u1404:3128
      Via:
      - 1.1 i056593-u1404 (squid/3.3.8)
      Connection:
      - keep-alive
    body:
      encoding: UTF-8
      string: '{"itemNotFound": {"message": "TransferNotFound: Transfer e5ad5e93-1875-46eb-a55d-e45960b222e9
        could not be found.", "code": 404}}'
    http_version: 
  recorded_at: Tue, 03 May 2016 14:16:15 GMT
- request:
    method: get
    uri: http://devstack.openstack.stack:8776/v2/2ab82e30d7984631874def67813dffd8/volumes/8f3fd916-39c6-4ae1-8e43-683077b2a6af
    body:
      encoding: US-ASCII
      string: ''
    headers:
      User-Agent:
      - fog-core/1.38.0
      Proxy-Connection:
      - Keep-Alive
      Content-Type:
      - application/json
      Accept:
      - application/json
      X-Auth-Token:
      - 96082e8bba9d418b8ce232496fa059ab
  response:
    status:
      code: 200
      message: ''
    headers:
      X-Compute-Request-Id:
      - req-484d3f5a-bb58-4a7d-84b2-0474bca189d3
      Content-Type:
      - application/json
      Content-Length:
      - '1104'
      X-Openstack-Request-Id:
      - req-484d3f5a-bb58-4a7d-84b2-0474bca189d3
      Date:
      - Tue, 03 May 2016 14:16:15 GMT
      X-Cache:
      - MISS from i056593-u1404
      X-Cache-Lookup:
      - MISS from i056593-u1404:3128
      Via:
      - 1.1 i056593-u1404 (squid/3.3.8)
      Connection:
      - keep-alive
    body:
      encoding: UTF-8
      string: '{"volume": {"migration_status": null, "attachments": [], "links": [{"href":
        "http://devstack.openstack.stack:8776/v2/2ab82e30d7984631874def67813dffd8/volumes/8f3fd916-39c6-4ae1-8e43-683077b2a6af",
        "rel": "self"}, {"href": "http://devstack.openstack.stack:8776/2ab82e30d7984631874def67813dffd8/volumes/8f3fd916-39c6-4ae1-8e43-683077b2a6af",
        "rel": "bookmark"}], "availability_zone": "nova", "os-vol-host-attr:host":
        "mo-0e4c34476@lvmdriver-1#lvmdriver-1", "encrypted": false, "os-volume-replication:extended_status":
        null, "replication_status": "disabled", "snapshot_id": null, "id": "8f3fd916-39c6-4ae1-8e43-683077b2a6af",
        "size": 1, "user_id": "205e0e39a2534743b517ed0aa2fbcda7", "os-vol-tenant-attr:tenant_id":
        "2ab82e30d7984631874def67813dffd8", "os-vol-mig-status-attr:migstat": null,
        "metadata": {}, "status": "available", "description": null, "multiattach":
        false, "os-volume-replication:driver_data": null, "source_volid": null, "consistencygroup_id":
        null, "os-vol-mig-status-attr:name_id": null, "name": "fog-testvolume-1",
        "bootable": "false", "created_at": "2016-05-03T14:16:11.000000", "volume_type":
        "lvmdriver-1"}}'
    http_version: 
  recorded_at: Tue, 03 May 2016 14:16:15 GMT
- request:
    method: get
    uri: http://devstack.openstack.stack:8776/v2/2ab82e30d7984631874def67813dffd8/volumes/8f3fd916-39c6-4ae1-8e43-683077b2a6af
    body:
      encoding: US-ASCII
      string: ''
    headers:
      User-Agent:
      - fog-core/1.38.0
      Proxy-Connection:
      - Keep-Alive
      Content-Type:
      - application/json
      Accept:
      - application/json
      X-Auth-Token:
      - 96082e8bba9d418b8ce232496fa059ab
  response:
    status:
      code: 200
      message: ''
    headers:
      X-Compute-Request-Id:
      - req-4c8446ec-6b3d-4adb-a81c-d913177b9dcd
      Content-Type:
      - application/json
      Content-Length:
      - '1104'
      X-Openstack-Request-Id:
      - req-4c8446ec-6b3d-4adb-a81c-d913177b9dcd
      Date:
      - Tue, 03 May 2016 14:16:15 GMT
      X-Cache:
      - MISS from i056593-u1404
      X-Cache-Lookup:
      - MISS from i056593-u1404:3128
      Via:
      - 1.1 i056593-u1404 (squid/3.3.8)
      Connection:
      - keep-alive
    body:
      encoding: UTF-8
      string: '{"volume": {"migration_status": null, "attachments": [], "links": [{"href":
        "http://devstack.openstack.stack:8776/v2/2ab82e30d7984631874def67813dffd8/volumes/8f3fd916-39c6-4ae1-8e43-683077b2a6af",
        "rel": "self"}, {"href": "http://devstack.openstack.stack:8776/2ab82e30d7984631874def67813dffd8/volumes/8f3fd916-39c6-4ae1-8e43-683077b2a6af",
        "rel": "bookmark"}], "availability_zone": "nova", "os-vol-host-attr:host":
        "mo-0e4c34476@lvmdriver-1#lvmdriver-1", "encrypted": false, "os-volume-replication:extended_status":
        null, "replication_status": "disabled", "snapshot_id": null, "id": "8f3fd916-39c6-4ae1-8e43-683077b2a6af",
        "size": 1, "user_id": "205e0e39a2534743b517ed0aa2fbcda7", "os-vol-tenant-attr:tenant_id":
        "2ab82e30d7984631874def67813dffd8", "os-vol-mig-status-attr:migstat": null,
        "metadata": {}, "status": "available", "description": null, "multiattach":
        false, "os-volume-replication:driver_data": null, "source_volid": null, "consistencygroup_id":
        null, "os-vol-mig-status-attr:name_id": null, "name": "fog-testvolume-1",
        "bootable": "false", "created_at": "2016-05-03T14:16:11.000000", "volume_type":
        "lvmdriver-1"}}'
    http_version: 
  recorded_at: Tue, 03 May 2016 14:16:15 GMT
- request:
    method: delete
    uri: http://devstack.openstack.stack:8776/v2/2ab82e30d7984631874def67813dffd8/volumes/8f3fd916-39c6-4ae1-8e43-683077b2a6af
    body:
      encoding: US-ASCII
      string: ''
    headers:
      User-Agent:
      - fog-core/1.38.0
      Proxy-Connection:
      - Keep-Alive
      Content-Type:
      - application/json
      Accept:
      - application/json
      X-Auth-Token:
      - 96082e8bba9d418b8ce232496fa059ab
  response:
    status:
      code: 202
      message: ''
    headers:
      Content-Type:
      - text/html; charset=UTF-8
      Content-Length:
      - '0'
      X-Openstack-Request-Id:
      - req-260c35ad-5eb5-4994-a9ee-9d808874014f
      Date:
      - Tue, 03 May 2016 14:16:16 GMT
      X-Cache:
      - MISS from i056593-u1404
      X-Cache-Lookup:
      - MISS from i056593-u1404:3128
      Via:
      - 1.1 i056593-u1404 (squid/3.3.8)
      Connection:
      - keep-alive
    body:
      encoding: UTF-8
      string: ''
    http_version: 
  recorded_at: Tue, 03 May 2016 14:16:16 GMT
- request:
    method: get
    uri: http://devstack.openstack.stack:8776/v2/2ab82e30d7984631874def67813dffd8/volumes/8f3fd916-39c6-4ae1-8e43-683077b2a6af
    body:
      encoding: US-ASCII
      string: ''
    headers:
      User-Agent:
      - fog-core/1.38.0
      Proxy-Connection:
      - Keep-Alive
      Content-Type:
      - application/json
      Accept:
      - application/json
      X-Auth-Token:
      - 96082e8bba9d418b8ce232496fa059ab
  response:
    status:
      code: 200
      message: ''
    headers:
      X-Compute-Request-Id:
      - req-11e05445-c5e5-4677-9f77-7153fd937e34
      Content-Type:
      - application/json
      Content-Length:
      - '1103'
      X-Openstack-Request-Id:
      - req-11e05445-c5e5-4677-9f77-7153fd937e34
      Date:
      - Tue, 03 May 2016 14:16:16 GMT
      X-Cache:
      - MISS from i056593-u1404
      X-Cache-Lookup:
      - MISS from i056593-u1404:3128
      Via:
      - 1.1 i056593-u1404 (squid/3.3.8)
      Connection:
      - keep-alive
    body:
      encoding: UTF-8
      string: '{"volume": {"migration_status": null, "attachments": [], "links": [{"href":
        "http://devstack.openstack.stack:8776/v2/2ab82e30d7984631874def67813dffd8/volumes/8f3fd916-39c6-4ae1-8e43-683077b2a6af",
        "rel": "self"}, {"href": "http://devstack.openstack.stack:8776/2ab82e30d7984631874def67813dffd8/volumes/8f3fd916-39c6-4ae1-8e43-683077b2a6af",
        "rel": "bookmark"}], "availability_zone": "nova", "os-vol-host-attr:host":
        "mo-0e4c34476@lvmdriver-1#lvmdriver-1", "encrypted": false, "os-volume-replication:extended_status":
        null, "replication_status": "disabled", "snapshot_id": null, "id": "8f3fd916-39c6-4ae1-8e43-683077b2a6af",
        "size": 1, "user_id": "205e0e39a2534743b517ed0aa2fbcda7", "os-vol-tenant-attr:tenant_id":
        "2ab82e30d7984631874def67813dffd8", "os-vol-mig-status-attr:migstat": null,
        "metadata": {}, "status": "deleting", "description": null, "multiattach":
        false, "os-volume-replication:driver_data": null, "source_volid": null, "consistencygroup_id":
        null, "os-vol-mig-status-attr:name_id": null, "name": "fog-testvolume-1",
        "bootable": "false", "created_at": "2016-05-03T14:16:11.000000", "volume_type":
        "lvmdriver-1"}}'
    http_version: 
  recorded_at: Tue, 03 May 2016 14:16:16 GMT
- request:
    method: get
    uri: http://devstack.openstack.stack:8776/v2/2ab82e30d7984631874def67813dffd8/volumes/8f3fd916-39c6-4ae1-8e43-683077b2a6af
    body:
      encoding: US-ASCII
      string: ''
    headers:
      User-Agent:
      - fog-core/1.38.0
      Proxy-Connection:
      - Keep-Alive
      Content-Type:
      - application/json
      Accept:
      - application/json
      X-Auth-Token:
      - 96082e8bba9d418b8ce232496fa059ab
  response:
    status:
      code: 200
      message: ''
    headers:
      X-Compute-Request-Id:
      - req-79101566-654e-4fb9-ab5e-32f4c02d93da
      Content-Type:
      - application/json
      Content-Length:
      - '1103'
      X-Openstack-Request-Id:
      - req-79101566-654e-4fb9-ab5e-32f4c02d93da
      Date:
      - Tue, 03 May 2016 14:16:17 GMT
      X-Cache:
      - MISS from i056593-u1404
      X-Cache-Lookup:
      - MISS from i056593-u1404:3128
      Via:
      - 1.1 i056593-u1404 (squid/3.3.8)
      Connection:
      - keep-alive
    body:
      encoding: UTF-8
      string: '{"volume": {"migration_status": null, "attachments": [], "links": [{"href":
        "http://devstack.openstack.stack:8776/v2/2ab82e30d7984631874def67813dffd8/volumes/8f3fd916-39c6-4ae1-8e43-683077b2a6af",
        "rel": "self"}, {"href": "http://devstack.openstack.stack:8776/2ab82e30d7984631874def67813dffd8/volumes/8f3fd916-39c6-4ae1-8e43-683077b2a6af",
        "rel": "bookmark"}], "availability_zone": "nova", "os-vol-host-attr:host":
        "mo-0e4c34476@lvmdriver-1#lvmdriver-1", "encrypted": false, "os-volume-replication:extended_status":
        null, "replication_status": "disabled", "snapshot_id": null, "id": "8f3fd916-39c6-4ae1-8e43-683077b2a6af",
        "size": 1, "user_id": "205e0e39a2534743b517ed0aa2fbcda7", "os-vol-tenant-attr:tenant_id":
        "2ab82e30d7984631874def67813dffd8", "os-vol-mig-status-attr:migstat": null,
        "metadata": {}, "status": "deleting", "description": null, "multiattach":
        false, "os-volume-replication:driver_data": null, "source_volid": null, "consistencygroup_id":
        null, "os-vol-mig-status-attr:name_id": null, "name": "fog-testvolume-1",
        "bootable": "false", "created_at": "2016-05-03T14:16:11.000000", "volume_type":
        "lvmdriver-1"}}'
    http_version: 
  recorded_at: Tue, 03 May 2016 14:16:17 GMT
- request:
    method: get
    uri: http://devstack.openstack.stack:8776/v2/2ab82e30d7984631874def67813dffd8/volumes/8f3fd916-39c6-4ae1-8e43-683077b2a6af
    body:
      encoding: US-ASCII
      string: ''
    headers:
      User-Agent:
      - fog-core/1.38.0
      Proxy-Connection:
      - Keep-Alive
      Content-Type:
      - application/json
      Accept:
      - application/json
      X-Auth-Token:
      - 96082e8bba9d418b8ce232496fa059ab
  response:
    status:
      code: 200
      message: ''
    headers:
      X-Compute-Request-Id:
      - req-19b2f7c8-f7c1-4729-a8b5-17252bf65485
      Content-Type:
      - application/json
      Content-Length:
      - '1103'
      X-Openstack-Request-Id:
      - req-19b2f7c8-f7c1-4729-a8b5-17252bf65485
      Date:
      - Tue, 03 May 2016 14:16:20 GMT
      X-Cache:
      - MISS from i056593-u1404
      X-Cache-Lookup:
      - MISS from i056593-u1404:3128
      Via:
      - 1.1 i056593-u1404 (squid/3.3.8)
      Connection:
      - keep-alive
    body:
      encoding: UTF-8
      string: '{"volume": {"migration_status": null, "attachments": [], "links": [{"href":
        "http://devstack.openstack.stack:8776/v2/2ab82e30d7984631874def67813dffd8/volumes/8f3fd916-39c6-4ae1-8e43-683077b2a6af",
        "rel": "self"}, {"href": "http://devstack.openstack.stack:8776/2ab82e30d7984631874def67813dffd8/volumes/8f3fd916-39c6-4ae1-8e43-683077b2a6af",
        "rel": "bookmark"}], "availability_zone": "nova", "os-vol-host-attr:host":
        "mo-0e4c34476@lvmdriver-1#lvmdriver-1", "encrypted": false, "os-volume-replication:extended_status":
        null, "replication_status": "disabled", "snapshot_id": null, "id": "8f3fd916-39c6-4ae1-8e43-683077b2a6af",
        "size": 1, "user_id": "205e0e39a2534743b517ed0aa2fbcda7", "os-vol-tenant-attr:tenant_id":
        "2ab82e30d7984631874def67813dffd8", "os-vol-mig-status-attr:migstat": null,
        "metadata": {}, "status": "deleting", "description": null, "multiattach":
        false, "os-volume-replication:driver_data": null, "source_volid": null, "consistencygroup_id":
        null, "os-vol-mig-status-attr:name_id": null, "name": "fog-testvolume-1",
        "bootable": "false", "created_at": "2016-05-03T14:16:11.000000", "volume_type":
        "lvmdriver-1"}}'
    http_version: 
  recorded_at: Tue, 03 May 2016 14:16:20 GMT
- request:
    method: get
    uri: http://devstack.openstack.stack:8776/v2/2ab82e30d7984631874def67813dffd8/volumes/8f3fd916-39c6-4ae1-8e43-683077b2a6af
    body:
      encoding: US-ASCII
      string: ''
    headers:
      User-Agent:
      - fog-core/1.38.0
      Proxy-Connection:
      - Keep-Alive
      Content-Type:
      - application/json
      Accept:
      - application/json
      X-Auth-Token:
      - 96082e8bba9d418b8ce232496fa059ab
  response:
    status:
      code: 404
      message: ''
    headers:
      Content-Length:
      - '109'
      Content-Type:
      - application/json; charset=UTF-8
      X-Compute-Request-Id:
      - req-630c2029-7f97-4097-90b6-4e6c16635cdd
      X-Openstack-Request-Id:
      - req-630c2029-7f97-4097-90b6-4e6c16635cdd
      Date:
      - Tue, 03 May 2016 14:16:24 GMT
      X-Cache:
      - MISS from i056593-u1404
      X-Cache-Lookup:
      - MISS from i056593-u1404:3128
      Via:
      - 1.1 i056593-u1404 (squid/3.3.8)
      Connection:
      - keep-alive
    body:
      encoding: UTF-8
      string: '{"itemNotFound": {"message": "Volume 8f3fd916-39c6-4ae1-8e43-683077b2a6af
        could not be found.", "code": 404}}'
    http_version: 
  recorded_at: Tue, 03 May 2016 14:16:24 GMT
recorded_with: VCR 3.0.1
