---
http_interactions:
- request:
    method: get
    uri: http://devstack.openstack.stack:35357/v3/users?name=foobar
    body:
      encoding: US-ASCII
      string: ''
    headers:
      User-Agent:
      - fog-core/1.40.0
      Content-Type:
      - application/json
      Accept:
      - application/json
      X-Auth-Token:
      - 9b01d9aee76543e6ad7b7f2b41df3f2e
  response:
    status:
      code: 200
      message: ''
    headers:
      Date:
      - Fri, 15 Jul 2016 13:12:19 GMT
      Server:
      - Apache/2.4.7 (Ubuntu)
      Vary:
      - X-Auth-Token
      X-Openstack-Request-Id:
      - req-217e18ed-4a85-4dc6-99ba-d5e961ac4f42
      Content-Length:
      - '114'
      Content-Type:
      - application/json
    body:
      encoding: UTF-8
      string: '{"users": [], "links": {"self": "http://devstack.openstack.stack:35357/v3/users?name=foobar",
        "previous": null, "next": null}}'
    http_version: 
  recorded_at: Fri, 15 Jul 2016 13:11:50 GMT
- request:
    method: get
    uri: http://devstack.openstack.stack:35357/v3/users?name=baz
    body:
      encoding: US-ASCII
      string: ''
    headers:
      User-Agent:
      - fog-core/1.40.0
      Content-Type:
      - application/json
      Accept:
      - application/json
      X-Auth-Token:
      - 9b01d9aee76543e6ad7b7f2b41df3f2e
  response:
    status:
      code: 200
      message: ''
    headers:
      Date:
      - Fri, 15 Jul 2016 13:12:19 GMT
      Server:
      - Apache/2.4.7 (Ubuntu)
      Vary:
      - X-Auth-Token
      X-Openstack-Request-Id:
      - req-ed413e6d-a73e-4d19-9abe-84faf32391a8
      Content-Length:
      - '111'
      Content-Type:
      - application/json
    body:
      encoding: UTF-8
      string: '{"users": [], "links": {"self": "http://devstack.openstack.stack:35357/v3/users?name=baz",
        "previous": null, "next": null}}'
    http_version: 
  recorded_at: Fri, 15 Jul 2016 13:11:50 GMT
- request:
    method: get
    uri: http://devstack.openstack.stack:35357/v3/users?name=foobar
    body:
      encoding: US-ASCII
      string: ''
    headers:
      User-Agent:
      - fog-core/1.40.0
      Content-Type:
      - application/json
      Accept:
      - application/json
      X-Auth-Token:
      - 9b01d9aee76543e6ad7b7f2b41df3f2e
  response:
    status:
      code: 200
      message: ''
    headers:
      Date:
      - Fri, 15 Jul 2016 13:12:19 GMT
      Server:
      - Apache/2.4.7 (Ubuntu)
      Vary:
      - X-Auth-Token
      X-Openstack-Request-Id:
      - req-bd69e30b-7b78-4e9f-9baf-a58bb4f594ec
      Content-Length:
      - '114'
      Content-Type:
      - application/json
    body:
      encoding: UTF-8
      string: '{"users": [], "links": {"self": "http://devstack.openstack.stack:35357/v3/users?name=foobar",
        "previous": null, "next": null}}'
    http_version: 
  recorded_at: Fri, 15 Jul 2016 13:11:50 GMT
- request:
    method: get
    uri: http://devstack.openstack.stack:35357/v3/users?name=baz
    body:
      encoding: US-ASCII
      string: ''
    headers:
      User-Agent:
      - fog-core/1.40.0
      Content-Type:
      - application/json
      Accept:
      - application/json
      X-Auth-Token:
      - 9b01d9aee76543e6ad7b7f2b41df3f2e
  response:
    status:
      code: 200
      message: ''
    headers:
      Date:
      - Fri, 15 Jul 2016 13:12:19 GMT
      Server:
      - Apache/2.4.7 (Ubuntu)
      Vary:
      - X-Auth-Token
      X-Openstack-Request-Id:
      - req-556bca72-3899-4adc-9f0a-e1a50f4cf133
      Content-Length:
      - '111'
      Content-Type:
      - application/json
    body:
      encoding: UTF-8
      string: '{"users": [], "links": {"self": "http://devstack.openstack.stack:35357/v3/users?name=baz",
        "previous": null, "next": null}}'
    http_version: 
  recorded_at: Fri, 15 Jul 2016 13:11:50 GMT
- request:
    method: post
    uri: http://devstack.openstack.stack:35357/v3/users
    body:
      encoding: UTF-8
      string: '{"user":{"name":"foobar","email":"foobar@example.com","password":"s3cret!"}}'
    headers:
      User-Agent:
      - fog-core/1.40.0
      Content-Type:
      - application/json
      Accept:
      - application/json
      X-Auth-Token:
      - 9b01d9aee76543e6ad7b7f2b41df3f2e
  response:
    status:
      code: 201
      message: ''
    headers:
      Date:
      - Fri, 15 Jul 2016 13:12:19 GMT
      Server:
      - Apache/2.4.7 (Ubuntu)
      Vary:
      - X-Auth-Token
      X-Openstack-Request-Id:
      - req-3460f7b6-e10a-49f0-b888-84bdca692a22
      Content-Length:
      - '232'
      Content-Type:
      - application/json
    body:
      encoding: UTF-8
      string: '{"user": {"name": "foobar", "links": {"self": "http://devstack.openstack.stack:35357/v3/users/fd35a2bd33764804a446aab781864e54"},
        "domain_id": "default", "enabled": true, "email": "foobar@example.com", "id":
        "fd35a2bd33764804a446aab781864e54"}}'
    http_version: 
  recorded_at: Fri, 15 Jul 2016 13:11:51 GMT
- request:
    method: get
    uri: http://devstack.openstack.stack:35357/v3/users?name=foobar
    body:
      encoding: US-ASCII
      string: ''
    headers:
      User-Agent:
      - fog-core/1.40.0
      Content-Type:
      - application/json
      Accept:
      - application/json
      X-Auth-Token:
      - 9b01d9aee76543e6ad7b7f2b41df3f2e
  response:
    status:
      code: 200
      message: ''
    headers:
      Date:
      - Fri, 15 Jul 2016 13:12:20 GMT
      Server:
      - Apache/2.4.7 (Ubuntu)
      Vary:
      - X-Auth-Token
      X-Openstack-Request-Id:
      - req-631518ae-3dde-4b00-bc83-706033701412
      Content-Length:
      - '336'
      Content-Type:
      - application/json
    body:
      encoding: UTF-8
      string: '{"users": [{"name": "foobar", "links": {"self": "http://devstack.openstack.stack:35357/v3/users/fd35a2bd33764804a446aab781864e54"},
        "domain_id": "default", "enabled": true, "email": "foobar@example.com", "id":
        "fd35a2bd33764804a446aab781864e54"}], "links": {"self": "http://devstack.openstack.stack:35357/v3/users?name=foobar",
        "previous": null, "next": null}}'
    http_version: 
  recorded_at: Fri, 15 Jul 2016 13:11:51 GMT
- request:
    method: patch
    uri: http://devstack.openstack.stack:35357/v3/users/fd35a2bd33764804a446aab781864e54
    body:
      encoding: UTF-8
      string: '{"user":{"name":"baz","enabled":false}}'
    headers:
      User-Agent:
      - fog-core/1.40.0
      Content-Type:
      - application/json
      Accept:
      - application/json
      X-Auth-Token:
      - 9b01d9aee76543e6ad7b7f2b41df3f2e
  response:
    status:
      code: 200
      message: ''
    headers:
      Date:
      - Fri, 15 Jul 2016 13:12:20 GMT
      Server:
      - Apache/2.4.7 (Ubuntu)
      Vary:
      - X-Auth-Token
      X-Openstack-Request-Id:
      - req-cf7afd31-701e-4896-a8d3-12c87e6f742e
      Content-Length:
      - '272'
      Content-Type:
      - application/json
    body:
      encoding: UTF-8
      string: '{"user": {"name": "baz", "links": {"self": "http://devstack.openstack.stack:35357/v3/users/fd35a2bd33764804a446aab781864e54"},
        "extra": {"email": "foobar@example.com"}, "domain_id": "default", "enabled":
        false, "email": "foobar@example.com", "id": "fd35a2bd33764804a446aab781864e54"}}'
    http_version: 
  recorded_at: Fri, 15 Jul 2016 13:11:51 GMT
- request:
    method: get
    uri: http://devstack.openstack.stack:35357/v3/users?name=baz
    body:
      encoding: US-ASCII
      string: ''
    headers:
      User-Agent:
      - fog-core/1.40.0
      Content-Type:
      - application/json
      Accept:
      - application/json
      X-Auth-Token:
      - 9b01d9aee76543e6ad7b7f2b41df3f2e
  response:
    status:
      code: 200
      message: ''
    headers:
      Date:
      - Fri, 15 Jul 2016 13:12:20 GMT
      Server:
      - Apache/2.4.7 (Ubuntu)
      Vary:
      - X-Auth-Token
      X-Openstack-Request-Id:
      - req-fddd7001-c19f-4a07-968e-357beb80056b
      Content-Length:
      - '331'
      Content-Type:
      - application/json
    body:
      encoding: UTF-8
      string: '{"users": [{"name": "baz", "links": {"self": "http://devstack.openstack.stack:35357/v3/users/fd35a2bd33764804a446aab781864e54"},
        "domain_id": "default", "enabled": false, "email": "foobar@example.com", "id":
        "fd35a2bd33764804a446aab781864e54"}], "links": {"self": "http://devstack.openstack.stack:35357/v3/users?name=baz",
        "previous": null, "next": null}}'
    http_version: 
  recorded_at: Fri, 15 Jul 2016 13:11:51 GMT
- request:
    method: get
    uri: http://devstack.openstack.stack:35357/v3/users
    body:
      encoding: US-ASCII
      string: ''
    headers:
      User-Agent:
      - fog-core/1.40.0
      Content-Type:
      - application/json
      Accept:
      - application/json
      X-Auth-Token:
      - 9b01d9aee76543e6ad7b7f2b41df3f2e
  response:
    status:
      code: 200
      message: ''
    headers:
      Date:
      - Fri, 15 Jul 2016 13:12:20 GMT
      Server:
      - Apache/2.4.7 (Ubuntu)
      Vary:
      - X-Auth-Token
      X-Openstack-Request-Id:
      - req-f797eb36-c3cd-4677-a237-13b4e73ca235
      Content-Length:
      - '6410'
      Content-Type:
      - application/json
    body:
      encoding: UTF-8
      string: '{"users": [{"name": "swift", "links": {"self": "http://devstack.openstack.stack:35357/v3/users/0536d9fac63c465ebf60a2a5f87bea1f"},
        "enabled": true, "id": "0536d9fac63c465ebf60a2a5f87bea1f", "domain_id": "default"},
        {"links": {"self": "http://devstack.openstack.stack:35357/v3/users/1432886c5942446988bd6796a72bd08c"},
        "description": "Monasca Api User", "name": "monascaapi", "domain_id": "default",
        "enabled": true, "id": "1432886c5942446988bd6796a72bd08c", "default_project_id":
        "30079dd13fb1488a88e6ee32f3e0b9ac"}, {"links": {"self": "http://devstack.openstack.stack:35357/v3/users/19f57ca4000744a39da3e13611a7e8b9"},
        "description": "test user for billing", "name": "dummy4", "domain_id": "default",
        "enabled": true, "id": "19f57ca4000744a39da3e13611a7e8b9", "default_project_id":
        "a5db6ff5a6274dd589b6a05945d7f34d"}, {"name": "admin", "links": {"self": "http://devstack.openstack.stack:35357/v3/users/205e0e39a2534743b517ed0aa2fbcda7"},
        "enabled": true, "id": "205e0e39a2534743b517ed0aa2fbcda7", "domain_id": "default"},
        {"links": {"self": "http://devstack.openstack.stack:35357/v3/users/35cd2200d034490bba3d0228a189e80b"},
        "description": "test user for billing", "name": "dummy8", "domain_id": "default",
        "enabled": true, "id": "35cd2200d034490bba3d0228a189e80b", "default_project_id":
        "a5db6ff5a6274dd589b6a05945d7f34d"}, {"links": {"self": "http://devstack.openstack.stack:35357/v3/users/42238d2a0e884ef5b334db9e14ccf90b"},
        "description": "test user for billing", "name": "dummy9", "domain_id": "default",
        "enabled": true, "id": "42238d2a0e884ef5b334db9e14ccf90b", "default_project_id":
        "a5db6ff5a6274dd589b6a05945d7f34d"}, {"links": {"self": "http://devstack.openstack.stack:35357/v3/users/42a9988a47134aa2aaa0deafef474d97"},
        "description": "Ceilometer User", "name": "ceilometer", "domain_id": "default",
        "enabled": true, "id": "42a9988a47134aa2aaa0deafef474d97", "default_project_id":
        "2ab82e30d7984631874def67813dffd8"}, {"links": {"self": "http://devstack.openstack.stack:35357/v3/users/54956227818d4bf7a98a59af580708c2"},
        "description": "Monasca Agent User", "name": "monascaagent", "domain_id":
        "default", "enabled": true, "id": "54956227818d4bf7a98a59af580708c2", "default_project_id":
        "30079dd13fb1488a88e6ee32f3e0b9ac"}, {"links": {"self": "http://devstack.openstack.stack:35357/v3/users/55600cdc25c042bfb197c83bc31042bb"},
        "description": "test user for billing", "name": "dummy3", "domain_id": "default",
        "enabled": true, "id": "55600cdc25c042bfb197c83bc31042bb", "default_project_id":
        "a5db6ff5a6274dd589b6a05945d7f34d"}, {"name": "swiftusertest1", "links": {"self":
        "http://devstack.openstack.stack:35357/v3/users/5955f4b81f414da6ace5b2e8949d047f"}, "domain_id":
        "default", "enabled": true, "email": "test@example.com", "id": "5955f4b81f414da6ace5b2e8949d047f"},
        {"name": "swiftusertest2", "links": {"self": "http://devstack.openstack.stack:35357/v3/users/6e53f10a91c44e15a9ad8cca2facd5a8"},
        "domain_id": "default", "enabled": true, "email": "test2@example.com", "id":
        "6e53f10a91c44e15a9ad8cca2facd5a8"}, {"name": "cinder", "links": {"self":
        "http://devstack.openstack.stack:35357/v3/users/7031bcf1a2f344f483d137b5f5d4659a"}, "enabled":
        true, "id": "7031bcf1a2f344f483d137b5f5d4659a", "domain_id": "default"}, {"name":
        "glance-swift", "links": {"self": "http://devstack.openstack.stack:35357/v3/users/72ec469780214348abe5ac51cd96157b"},
        "domain_id": "default", "enabled": true, "email": "glance-swift@example.com",
        "id": "72ec469780214348abe5ac51cd96157b"}, {"name": "swiftusertest3", "links":
        {"self": "http://devstack.openstack.stack:35357/v3/users/8308d6e0421c458bb3e9a979ccf61aa1"},
        "domain_id": "default", "enabled": true, "email": "test3@example.com", "id":
        "8308d6e0421c458bb3e9a979ccf61aa1"}, {"links": {"self": "http://devstack.openstack.stack:35357/v3/users/83c4eeb1c25244c6a3363ff3e5c70c02"},
        "description": "test user for billing", "name": "dummy6", "domain_id": "default",
        "enabled": true, "id": "83c4eeb1c25244c6a3363ff3e5c70c02", "default_project_id":
        "a5db6ff5a6274dd589b6a05945d7f34d"}, {"links": {"self": "http://devstack.openstack.stack:35357/v3/users/9c001a7ca2544d6ba4877a767ad85c32"},
        "description": "test user for billing", "name": "dummy2", "domain_id": "default",
        "enabled": true, "id": "9c001a7ca2544d6ba4877a767ad85c32", "default_project_id":
        "a5db6ff5a6274dd589b6a05945d7f34d"}, {"links": {"self": "http://devstack.openstack.stack:35357/v3/users/a3fb78a663ee4675a5ff1aedb95d122c"},
        "description": "test user for billing", "name": "dummy", "domain_id": "default",
        "enabled": true, "id": "a3fb78a663ee4675a5ff1aedb95d122c", "default_project_id":
        "a5db6ff5a6274dd589b6a05945d7f34d"}, {"name": "neutron", "links": {"self":
        "http://devstack.openstack.stack:35357/v3/users/ac4e77c52dd048b7afd84f3bf63a70af"}, "enabled":
        true, "id": "ac4e77c52dd048b7afd84f3bf63a70af", "domain_id": "default"}, {"links":
        {"self": "http://devstack.openstack.stack:35357/v3/users/b43dad2bc931442a92768883f55a81c3"},
        "description": "test user for billing", "name": "dummy5", "domain_id": "default",
        "enabled": true, "id": "b43dad2bc931442a92768883f55a81c3", "default_project_id":
        "a5db6ff5a6274dd589b6a05945d7f34d"}, {"name": "demo", "links": {"self": "http://devstack.openstack.stack:35357/v3/users/d66fbe28f45a405a87fd32bb30f7c42e"},
        "domain_id": "default", "enabled": true, "email": "demo@example.com", "id":
        "d66fbe28f45a405a87fd32bb30f7c42e"}, {"name": "glance", "links": {"self":
        "http://devstack.openstack.stack:35357/v3/users/d93c389c04e54300931765702727c7e9"}, "enabled":
        true, "id": "d93c389c04e54300931765702727c7e9", "domain_id": "default"}, {"links":
        {"self": "http://devstack.openstack.stack:35357/v3/users/e82af7ca715e4a8a97fbb898e8208ee9"},
        "description": "Monasca Admin User", "name": "monascaadmin", "domain_id":
        "default", "enabled": true, "id": "e82af7ca715e4a8a97fbb898e8208ee9", "default_project_id":
        "30079dd13fb1488a88e6ee32f3e0b9ac"}, {"name": "nova", "links": {"self": "http://devstack.openstack.stack:35357/v3/users/ec19ce44e69049efbbb6f190e0ed8b69"},
        "enabled": true, "id": "ec19ce44e69049efbbb6f190e0ed8b69", "domain_id": "default"},
        {"links": {"self": "http://devstack.openstack.stack:35357/v3/users/f8eba8de99cc4f4682ea634dd90c60ac"},
        "description": "test user for billing", "name": "dummy7", "domain_id": "default",
        "enabled": true, "id": "f8eba8de99cc4f4682ea634dd90c60ac", "default_project_id":
        "a5db6ff5a6274dd589b6a05945d7f34d"}, {"name": "baz", "links": {"self": "http://devstack.openstack.stack:35357/v3/users/fd35a2bd33764804a446aab781864e54"},
        "domain_id": "default", "enabled": false, "email": "foobar@example.com", "id":
        "fd35a2bd33764804a446aab781864e54"}], "links": {"self": "http://devstack.openstack.stack:35357/v3/users",
        "previous": null, "next": null}}'
    http_version: 
  recorded_at: Fri, 15 Jul 2016 13:11:51 GMT
- request:
    method: post
    uri: http://devstack.openstack.stack:35357/v3/users
    body:
      encoding: UTF-8
      string: '{"user":{"name":"baz","email":"foobar@example.com","password":"s3cret!"}}'
    headers:
      User-Agent:
      - fog-core/1.40.0
      Content-Type:
      - application/json
      Accept:
      - application/json
      X-Auth-Token:
      - 9b01d9aee76543e6ad7b7f2b41df3f2e
  response:
    status:
      code: 409
      message: ''
    headers:
      Date:
      - Fri, 15 Jul 2016 13:12:20 GMT
      Server:
      - Apache/2.4.7 (Ubuntu)
      Vary:
      - X-Auth-Token
      X-Openstack-Request-Id:
      - req-454d1773-8895-447f-b4ce-fff364b983db
      Content-Length:
      - '120'
      Content-Type:
      - application/json
    body:
      encoding: UTF-8
      string: '{"error": {"message": "Conflict occurred attempting to store user -
        Duplicate Entry", "code": 409, "title": "Conflict"}}'
    http_version: 
  recorded_at: Fri, 15 Jul 2016 13:11:51 GMT
- request:
    method: delete
    uri: http://devstack.openstack.stack:35357/v3/users/fd35a2bd33764804a446aab781864e54
    body:
      encoding: US-ASCII
      string: ''
    headers:
      User-Agent:
      - fog-core/1.40.0
      Content-Type:
      - application/json
      Accept:
      - application/json
      X-Auth-Token:
      - 9b01d9aee76543e6ad7b7f2b41df3f2e
  response:
    status:
      code: 204
      message: ''
    headers:
      Date:
      - Fri, 15 Jul 2016 13:12:20 GMT
      Server:
      - Apache/2.4.7 (Ubuntu)
      Vary:
      - X-Auth-Token
      X-Openstack-Request-Id:
      - req-81e396d8-b186-4e84-93a3-fadad145f359
      Content-Length:
      - '0'
    body:
      encoding: UTF-8
      string: ''
    http_version: 
  recorded_at: Fri, 15 Jul 2016 13:11:52 GMT
- request:
    method: get
    uri: http://devstack.openstack.stack:35357/v3/users
    body:
      encoding: US-ASCII
      string: ''
    headers:
      User-Agent:
      - fog-core/1.40.0
      Content-Type:
      - application/json
      Accept:
      - application/json
      X-Auth-Token:
      - 9b01d9aee76543e6ad7b7f2b41df3f2e
  response:
    status:
      code: 200
      message: ''
    headers:
      Date:
      - Fri, 15 Jul 2016 13:12:21 GMT
      Server:
      - Apache/2.4.7 (Ubuntu)
      Vary:
      - X-Auth-Token
      X-Openstack-Request-Id:
      - req-8f3e4e74-a850-448d-bae7-0184fa77b5a9
      Content-Length:
      - '6188'
      Content-Type:
      - application/json
    body:
      encoding: UTF-8
      string: '{"users": [{"name": "swift", "links": {"self": "http://devstack.openstack.stack:35357/v3/users/0536d9fac63c465ebf60a2a5f87bea1f"},
        "enabled": true, "id": "0536d9fac63c465ebf60a2a5f87bea1f", "domain_id": "default"},
        {"links": {"self": "http://devstack.openstack.stack:35357/v3/users/1432886c5942446988bd6796a72bd08c"},
        "description": "Monasca Api User", "name": "monascaapi", "domain_id": "default",
        "enabled": true, "id": "1432886c5942446988bd6796a72bd08c", "default_project_id":
        "30079dd13fb1488a88e6ee32f3e0b9ac"}, {"links": {"self": "http://devstack.openstack.stack:35357/v3/users/19f57ca4000744a39da3e13611a7e8b9"},
        "description": "test user for billing", "name": "dummy4", "domain_id": "default",
        "enabled": true, "id": "19f57ca4000744a39da3e13611a7e8b9", "default_project_id":
        "a5db6ff5a6274dd589b6a05945d7f34d"}, {"name": "admin", "links": {"self": "http://devstack.openstack.stack:35357/v3/users/205e0e39a2534743b517ed0aa2fbcda7"},
        "enabled": true, "id": "205e0e39a2534743b517ed0aa2fbcda7", "domain_id": "default"},
        {"links": {"self": "http://devstack.openstack.stack:35357/v3/users/35cd2200d034490bba3d0228a189e80b"},
        "description": "test user for billing", "name": "dummy8", "domain_id": "default",
        "enabled": true, "id": "35cd2200d034490bba3d0228a189e80b", "default_project_id":
        "a5db6ff5a6274dd589b6a05945d7f34d"}, {"links": {"self": "http://devstack.openstack.stack:35357/v3/users/42238d2a0e884ef5b334db9e14ccf90b"},
        "description": "test user for billing", "name": "dummy9", "domain_id": "default",
        "enabled": true, "id": "42238d2a0e884ef5b334db9e14ccf90b", "default_project_id":
        "a5db6ff5a6274dd589b6a05945d7f34d"}, {"links": {"self": "http://devstack.openstack.stack:35357/v3/users/42a9988a47134aa2aaa0deafef474d97"},
        "description": "Ceilometer User", "name": "ceilometer", "domain_id": "default",
        "enabled": true, "id": "42a9988a47134aa2aaa0deafef474d97", "default_project_id":
        "2ab82e30d7984631874def67813dffd8"}, {"links": {"self": "http://devstack.openstack.stack:35357/v3/users/54956227818d4bf7a98a59af580708c2"},
        "description": "Monasca Agent User", "name": "monascaagent", "domain_id":
        "default", "enabled": true, "id": "54956227818d4bf7a98a59af580708c2", "default_project_id":
        "30079dd13fb1488a88e6ee32f3e0b9ac"}, {"links": {"self": "http://devstack.openstack.stack:35357/v3/users/55600cdc25c042bfb197c83bc31042bb"},
        "description": "test user for billing", "name": "dummy3", "domain_id": "default",
        "enabled": true, "id": "55600cdc25c042bfb197c83bc31042bb", "default_project_id":
        "a5db6ff5a6274dd589b6a05945d7f34d"}, {"name": "swiftusertest1", "links": {"self":
        "http://devstack.openstack.stack:35357/v3/users/5955f4b81f414da6ace5b2e8949d047f"}, "domain_id":
        "default", "enabled": true, "email": "test@example.com", "id": "5955f4b81f414da6ace5b2e8949d047f"},
        {"name": "swiftusertest2", "links": {"self": "http://devstack.openstack.stack:35357/v3/users/6e53f10a91c44e15a9ad8cca2facd5a8"},
        "domain_id": "default", "enabled": true, "email": "test2@example.com", "id":
        "6e53f10a91c44e15a9ad8cca2facd5a8"}, {"name": "cinder", "links": {"self":
        "http://devstack.openstack.stack:35357/v3/users/7031bcf1a2f344f483d137b5f5d4659a"}, "enabled":
        true, "id": "7031bcf1a2f344f483d137b5f5d4659a", "domain_id": "default"}, {"name":
        "glance-swift", "links": {"self": "http://devstack.openstack.stack:35357/v3/users/72ec469780214348abe5ac51cd96157b"},
        "domain_id": "default", "enabled": true, "email": "glance-swift@example.com",
        "id": "72ec469780214348abe5ac51cd96157b"}, {"name": "swiftusertest3", "links":
        {"self": "http://devstack.openstack.stack:35357/v3/users/8308d6e0421c458bb3e9a979ccf61aa1"},
        "domain_id": "default", "enabled": true, "email": "test3@example.com", "id":
        "8308d6e0421c458bb3e9a979ccf61aa1"}, {"links": {"self": "http://devstack.openstack.stack:35357/v3/users/83c4eeb1c25244c6a3363ff3e5c70c02"},
        "description": "test user for billing", "name": "dummy6", "domain_id": "default",
        "enabled": true, "id": "83c4eeb1c25244c6a3363ff3e5c70c02", "default_project_id":
        "a5db6ff5a6274dd589b6a05945d7f34d"}, {"links": {"self": "http://devstack.openstack.stack:35357/v3/users/9c001a7ca2544d6ba4877a767ad85c32"},
        "description": "test user for billing", "name": "dummy2", "domain_id": "default",
        "enabled": true, "id": "9c001a7ca2544d6ba4877a767ad85c32", "default_project_id":
        "a5db6ff5a6274dd589b6a05945d7f34d"}, {"links": {"self": "http://devstack.openstack.stack:35357/v3/users/a3fb78a663ee4675a5ff1aedb95d122c"},
        "description": "test user for billing", "name": "dummy", "domain_id": "default",
        "enabled": true, "id": "a3fb78a663ee4675a5ff1aedb95d122c", "default_project_id":
        "a5db6ff5a6274dd589b6a05945d7f34d"}, {"name": "neutron", "links": {"self":
        "http://devstack.openstack.stack:35357/v3/users/ac4e77c52dd048b7afd84f3bf63a70af"}, "enabled":
        true, "id": "ac4e77c52dd048b7afd84f3bf63a70af", "domain_id": "default"}, {"links":
        {"self": "http://devstack.openstack.stack:35357/v3/users/b43dad2bc931442a92768883f55a81c3"},
        "description": "test user for billing", "name": "dummy5", "domain_id": "default",
        "enabled": true, "id": "b43dad2bc931442a92768883f55a81c3", "default_project_id":
        "a5db6ff5a6274dd589b6a05945d7f34d"}, {"name": "demo", "links": {"self": "http://devstack.openstack.stack:35357/v3/users/d66fbe28f45a405a87fd32bb30f7c42e"},
        "domain_id": "default", "enabled": true, "email": "demo@example.com", "id":
        "d66fbe28f45a405a87fd32bb30f7c42e"}, {"name": "glance", "links": {"self":
        "http://devstack.openstack.stack:35357/v3/users/d93c389c04e54300931765702727c7e9"}, "enabled":
        true, "id": "d93c389c04e54300931765702727c7e9", "domain_id": "default"}, {"links":
        {"self": "http://devstack.openstack.stack:35357/v3/users/e82af7ca715e4a8a97fbb898e8208ee9"},
        "description": "Monasca Admin User", "name": "monascaadmin", "domain_id":
        "default", "enabled": true, "id": "e82af7ca715e4a8a97fbb898e8208ee9", "default_project_id":
        "30079dd13fb1488a88e6ee32f3e0b9ac"}, {"name": "nova", "links": {"self": "http://devstack.openstack.stack:35357/v3/users/ec19ce44e69049efbbb6f190e0ed8b69"},
        "enabled": true, "id": "ec19ce44e69049efbbb6f190e0ed8b69", "domain_id": "default"},
        {"links": {"self": "http://devstack.openstack.stack:35357/v3/users/f8eba8de99cc4f4682ea634dd90c60ac"},
        "description": "test user for billing", "name": "dummy7", "domain_id": "default",
        "enabled": true, "id": "f8eba8de99cc4f4682ea634dd90c60ac", "default_project_id":
        "a5db6ff5a6274dd589b6a05945d7f34d"}], "links": {"self": "http://devstack.openstack.stack:35357/v3/users",
        "previous": null, "next": null}}'
    http_version: 
  recorded_at: Fri, 15 Jul 2016 13:11:52 GMT
- request:
    method: get
    uri: http://devstack.openstack.stack:35357/v3/users/fd35a2bd33764804a446aab781864e54
    body:
      encoding: US-ASCII
      string: ''
    headers:
      User-Agent:
      - fog-core/1.40.0
      Content-Type:
      - application/json
      Accept:
      - application/json
      X-Auth-Token:
      - 9b01d9aee76543e6ad7b7f2b41df3f2e
  response:
    status:
      code: 404
      message: ''
    headers:
      Date:
      - Fri, 15 Jul 2016 13:12:21 GMT
      Server:
      - Apache/2.4.7 (Ubuntu)
      Vary:
      - X-Auth-Token
      X-Openstack-Request-Id:
      - req-4dab50b7-fbd5-4e93-b889-63f6a252678b
      Content-Length:
      - '114'
      Content-Type:
      - application/json
    body:
      encoding: UTF-8
      string: '{"error": {"message": "Could not find user: fd35a2bd33764804a446aab781864e54",
        "code": 404, "title": "Not Found"}}'
    http_version: 
  recorded_at: Fri, 15 Jul 2016 13:11:52 GMT
- request:
    method: get
    uri: http://devstack.openstack.stack:35357/v3/users
    body:
      encoding: US-ASCII
      string: ''
    headers:
      User-Agent:
      - fog-core/1.40.0
      Content-Type:
      - application/json
      Accept:
      - application/json
      X-Auth-Token:
      - 9b01d9aee76543e6ad7b7f2b41df3f2e
  response:
    status:
      code: 200
      message: ''
    headers:
      Date:
      - Fri, 15 Jul 2016 13:12:21 GMT
      Server:
      - Apache/2.4.7 (Ubuntu)
      Vary:
      - X-Auth-Token
      X-Openstack-Request-Id:
      - req-b6e9d7e9-aa96-4615-9698-3f967b4ab562
      Content-Length:
      - '6188'
      Content-Type:
      - application/json
    body:
      encoding: UTF-8
      string: '{"users": [{"name": "swift", "links": {"self": "http://devstack.openstack.stack:35357/v3/users/0536d9fac63c465ebf60a2a5f87bea1f"},
        "enabled": true, "id": "0536d9fac63c465ebf60a2a5f87bea1f", "domain_id": "default"},
        {"links": {"self": "http://devstack.openstack.stack:35357/v3/users/1432886c5942446988bd6796a72bd08c"},
        "description": "Monasca Api User", "name": "monascaapi", "domain_id": "default",
        "enabled": true, "id": "1432886c5942446988bd6796a72bd08c", "default_project_id":
        "30079dd13fb1488a88e6ee32f3e0b9ac"}, {"links": {"self": "http://devstack.openstack.stack:35357/v3/users/19f57ca4000744a39da3e13611a7e8b9"},
        "description": "test user for billing", "name": "dummy4", "domain_id": "default",
        "enabled": true, "id": "19f57ca4000744a39da3e13611a7e8b9", "default_project_id":
        "a5db6ff5a6274dd589b6a05945d7f34d"}, {"name": "admin", "links": {"self": "http://devstack.openstack.stack:35357/v3/users/205e0e39a2534743b517ed0aa2fbcda7"},
        "enabled": true, "id": "205e0e39a2534743b517ed0aa2fbcda7", "domain_id": "default"},
        {"links": {"self": "http://devstack.openstack.stack:35357/v3/users/35cd2200d034490bba3d0228a189e80b"},
        "description": "test user for billing", "name": "dummy8", "domain_id": "default",
        "enabled": true, "id": "35cd2200d034490bba3d0228a189e80b", "default_project_id":
        "a5db6ff5a6274dd589b6a05945d7f34d"}, {"links": {"self": "http://devstack.openstack.stack:35357/v3/users/42238d2a0e884ef5b334db9e14ccf90b"},
        "description": "test user for billing", "name": "dummy9", "domain_id": "default",
        "enabled": true, "id": "42238d2a0e884ef5b334db9e14ccf90b", "default_project_id":
        "a5db6ff5a6274dd589b6a05945d7f34d"}, {"links": {"self": "http://devstack.openstack.stack:35357/v3/users/42a9988a47134aa2aaa0deafef474d97"},
        "description": "Ceilometer User", "name": "ceilometer", "domain_id": "default",
        "enabled": true, "id": "42a9988a47134aa2aaa0deafef474d97", "default_project_id":
        "2ab82e30d7984631874def67813dffd8"}, {"links": {"self": "http://devstack.openstack.stack:35357/v3/users/54956227818d4bf7a98a59af580708c2"},
        "description": "Monasca Agent User", "name": "monascaagent", "domain_id":
        "default", "enabled": true, "id": "54956227818d4bf7a98a59af580708c2", "default_project_id":
        "30079dd13fb1488a88e6ee32f3e0b9ac"}, {"links": {"self": "http://devstack.openstack.stack:35357/v3/users/55600cdc25c042bfb197c83bc31042bb"},
        "description": "test user for billing", "name": "dummy3", "domain_id": "default",
        "enabled": true, "id": "55600cdc25c042bfb197c83bc31042bb", "default_project_id":
        "a5db6ff5a6274dd589b6a05945d7f34d"}, {"name": "swiftusertest1", "links": {"self":
        "http://devstack.openstack.stack:35357/v3/users/5955f4b81f414da6ace5b2e8949d047f"}, "domain_id":
        "default", "enabled": true, "email": "test@example.com", "id": "5955f4b81f414da6ace5b2e8949d047f"},
        {"name": "swiftusertest2", "links": {"self": "http://devstack.openstack.stack:35357/v3/users/6e53f10a91c44e15a9ad8cca2facd5a8"},
        "domain_id": "default", "enabled": true, "email": "test2@example.com", "id":
        "6e53f10a91c44e15a9ad8cca2facd5a8"}, {"name": "cinder", "links": {"self":
        "http://devstack.openstack.stack:35357/v3/users/7031bcf1a2f344f483d137b5f5d4659a"}, "enabled":
        true, "id": "7031bcf1a2f344f483d137b5f5d4659a", "domain_id": "default"}, {"name":
        "glance-swift", "links": {"self": "http://devstack.openstack.stack:35357/v3/users/72ec469780214348abe5ac51cd96157b"},
        "domain_id": "default", "enabled": true, "email": "glance-swift@example.com",
        "id": "72ec469780214348abe5ac51cd96157b"}, {"name": "swiftusertest3", "links":
        {"self": "http://devstack.openstack.stack:35357/v3/users/8308d6e0421c458bb3e9a979ccf61aa1"},
        "domain_id": "default", "enabled": true, "email": "test3@example.com", "id":
        "8308d6e0421c458bb3e9a979ccf61aa1"}, {"links": {"self": "http://devstack.openstack.stack:35357/v3/users/83c4eeb1c25244c6a3363ff3e5c70c02"},
        "description": "test user for billing", "name": "dummy6", "domain_id": "default",
        "enabled": true, "id": "83c4eeb1c25244c6a3363ff3e5c70c02", "default_project_id":
        "a5db6ff5a6274dd589b6a05945d7f34d"}, {"links": {"self": "http://devstack.openstack.stack:35357/v3/users/9c001a7ca2544d6ba4877a767ad85c32"},
        "description": "test user for billing", "name": "dummy2", "domain_id": "default",
        "enabled": true, "id": "9c001a7ca2544d6ba4877a767ad85c32", "default_project_id":
        "a5db6ff5a6274dd589b6a05945d7f34d"}, {"links": {"self": "http://devstack.openstack.stack:35357/v3/users/a3fb78a663ee4675a5ff1aedb95d122c"},
        "description": "test user for billing", "name": "dummy", "domain_id": "default",
        "enabled": true, "id": "a3fb78a663ee4675a5ff1aedb95d122c", "default_project_id":
        "a5db6ff5a6274dd589b6a05945d7f34d"}, {"name": "neutron", "links": {"self":
        "http://devstack.openstack.stack:35357/v3/users/ac4e77c52dd048b7afd84f3bf63a70af"}, "enabled":
        true, "id": "ac4e77c52dd048b7afd84f3bf63a70af", "domain_id": "default"}, {"links":
        {"self": "http://devstack.openstack.stack:35357/v3/users/b43dad2bc931442a92768883f55a81c3"},
        "description": "test user for billing", "name": "dummy5", "domain_id": "default",
        "enabled": true, "id": "b43dad2bc931442a92768883f55a81c3", "default_project_id":
        "a5db6ff5a6274dd589b6a05945d7f34d"}, {"name": "demo", "links": {"self": "http://devstack.openstack.stack:35357/v3/users/d66fbe28f45a405a87fd32bb30f7c42e"},
        "domain_id": "default", "enabled": true, "email": "demo@example.com", "id":
        "d66fbe28f45a405a87fd32bb30f7c42e"}, {"name": "glance", "links": {"self":
        "http://devstack.openstack.stack:35357/v3/users/d93c389c04e54300931765702727c7e9"}, "enabled":
        true, "id": "d93c389c04e54300931765702727c7e9", "domain_id": "default"}, {"links":
        {"self": "http://devstack.openstack.stack:35357/v3/users/e82af7ca715e4a8a97fbb898e8208ee9"},
        "description": "Monasca Admin User", "name": "monascaadmin", "domain_id":
        "default", "enabled": true, "id": "e82af7ca715e4a8a97fbb898e8208ee9", "default_project_id":
        "30079dd13fb1488a88e6ee32f3e0b9ac"}, {"name": "nova", "links": {"self": "http://devstack.openstack.stack:35357/v3/users/ec19ce44e69049efbbb6f190e0ed8b69"},
        "enabled": true, "id": "ec19ce44e69049efbbb6f190e0ed8b69", "domain_id": "default"},
        {"links": {"self": "http://devstack.openstack.stack:35357/v3/users/f8eba8de99cc4f4682ea634dd90c60ac"},
        "description": "test user for billing", "name": "dummy7", "domain_id": "default",
        "enabled": true, "id": "f8eba8de99cc4f4682ea634dd90c60ac", "default_project_id":
        "a5db6ff5a6274dd589b6a05945d7f34d"}], "links": {"self": "http://devstack.openstack.stack:35357/v3/users",
        "previous": null, "next": null}}'
    http_version: 
  recorded_at: Fri, 15 Jul 2016 13:11:52 GMT
- request:
    method: get
    uri: http://devstack.openstack.stack:35357/v3/users?name=foobar
    body:
      encoding: US-ASCII
      string: ''
    headers:
      User-Agent:
      - fog-core/1.40.0
      Content-Type:
      - application/json
      Accept:
      - application/json
      X-Auth-Token:
      - 9b01d9aee76543e6ad7b7f2b41df3f2e
  response:
    status:
      code: 200
      message: ''
    headers:
      Date:
      - Fri, 15 Jul 2016 13:12:21 GMT
      Server:
      - Apache/2.4.7 (Ubuntu)
      Vary:
      - X-Auth-Token
      X-Openstack-Request-Id:
      - req-842ed2ec-aebc-4a21-a145-43e0e55b8b60
      Content-Length:
      - '114'
      Content-Type:
      - application/json
    body:
      encoding: UTF-8
      string: '{"users": [], "links": {"self": "http://devstack.openstack.stack:35357/v3/users?name=foobar",
        "previous": null, "next": null}}'
    http_version: 
  recorded_at: Fri, 15 Jul 2016 13:11:52 GMT
- request:
    method: get
    uri: http://devstack.openstack.stack:35357/v3/users?name=baz
    body:
      encoding: US-ASCII
      string: ''
    headers:
      User-Agent:
      - fog-core/1.40.0
      Content-Type:
      - application/json
      Accept:
      - application/json
      X-Auth-Token:
      - 9b01d9aee76543e6ad7b7f2b41df3f2e
  response:
    status:
      code: 200
      message: ''
    headers:
      Date:
      - Fri, 15 Jul 2016 13:12:21 GMT
      Server:
      - Apache/2.4.7 (Ubuntu)
      Vary:
      - X-Auth-Token
      X-Openstack-Request-Id:
      - req-9600020c-b128-406a-853f-1a76b53d63af
      Content-Length:
      - '111'
      Content-Type:
      - application/json
    body:
      encoding: UTF-8
      string: '{"users": [], "links": {"self": "http://devstack.openstack.stack:35357/v3/users?name=baz",
        "previous": null, "next": null}}'
    http_version: 
  recorded_at: Fri, 15 Jul 2016 13:11:52 GMT
recorded_with: VCR 3.0.1
