---
http_interactions:
- request:
    method: post
    uri: http://devstack.openstack.stack:35357/v3/projects
    body:
      encoding: UTF-8
      string: '{"project":{"name":"p-foobar67"}}'
    headers:
      User-Agent:
      - fog-core/1.40.0
      Content-Type:
      - application/json
      Accept:
      - application/json
      X-Auth-Token:
      - b3dd0bb1d51042c2a187f4f4b8432edd
  response:
    status:
      code: 201
      message: ''
    headers:
      Date:
      - Fri, 15 Jul 2016 13:11:40 GMT
      Server:
      - Apache/2.4.7 (Ubuntu)
      Vary:
      - X-Auth-Token
      X-Openstack-Request-Id:
      - req-4f464726-5da9-4858-90bd-42f346c27577
      Content-Length:
      - '269'
      Content-Type:
      - application/json
    body:
      encoding: UTF-8
      string: '{"project": {"is_domain": false, "description": "", "links": {"self":
        "http://devstack.openstack.stack:35357/v3/projects/f01c9bfa44f74546b146e9fe2f470718"},
        "enabled": true, "id": "f01c9bfa44f74546b146e9fe2f470718", "parent_id": null,
        "domain_id": "default", "name": "p-foobar67"}}'
    http_version: 
  recorded_at: Fri, 15 Jul 2016 13:11:11 GMT
- request:
    method: post
    uri: http://devstack.openstack.stack:35357/v3/projects
    body:
      encoding: UTF-8
      string: '{"project":{"name":"p-baz67","parent_id":"f01c9bfa44f74546b146e9fe2f470718"}}'
    headers:
      User-Agent:
      - fog-core/1.40.0
      Content-Type:
      - application/json
      Accept:
      - application/json
      X-Auth-Token:
      - b3dd0bb1d51042c2a187f4f4b8432edd
  response:
    status:
      code: 201
      message: ''
    headers:
      Date:
      - Fri, 15 Jul 2016 13:11:40 GMT
      Server:
      - Apache/2.4.7 (Ubuntu)
      Vary:
      - X-Auth-Token
      X-Openstack-Request-Id:
      - req-f7b85ad5-eaa8-408c-93c3-24027f1c8692
      Content-Length:
      - '296'
      Content-Type:
      - application/json
    body:
      encoding: UTF-8
      string: '{"project": {"is_domain": false, "description": "", "links": {"self":
        "http://devstack.openstack.stack:35357/v3/projects/1133f82cb3344601b9164e51d6873bec"},
        "enabled": true, "id": "1133f82cb3344601b9164e51d6873bec", "parent_id": "f01c9bfa44f74546b146e9fe2f470718",
        "domain_id": "default", "name": "p-baz67"}}'
    http_version: 
  recorded_at: Fri, 15 Jul 2016 13:11:11 GMT
- request:
    method: get
    uri: http://devstack.openstack.stack:35357/v3/projects?name=p-baz67
    body:
      encoding: US-ASCII
      string: ''
    headers:
      User-Agent:
      - fog-core/1.40.0
      Content-Type:
      - application/json
      Accept:
      - application/json
      X-Auth-Token:
      - b3dd0bb1d51042c2a187f4f4b8432edd
  response:
    status:
      code: 200
      message: ''
    headers:
      Date:
      - Fri, 15 Jul 2016 13:11:40 GMT
      Server:
      - Apache/2.4.7 (Ubuntu)
      Vary:
      - X-Auth-Token
      X-Openstack-Request-Id:
      - req-637e6aa6-1d6b-4e54-ad97-c295a234bdc8
      Content-Length:
      - '404'
      Content-Type:
      - application/json
    body:
      encoding: UTF-8
      string: '{"links": {"self": "http://devstack.openstack.stack:35357/v3/projects?name=p-baz67",
        "previous": null, "next": null}, "projects": [{"is_domain": false, "description":
        "", "links": {"self": "http://devstack.openstack.stack:35357/v3/projects/1133f82cb3344601b9164e51d6873bec"},
        "enabled": true, "id": "1133f82cb3344601b9164e51d6873bec", "parent_id": "f01c9bfa44f74546b146e9fe2f470718",
        "domain_id": "default", "name": "p-baz67"}]}'
    http_version: 
  recorded_at: Fri, 15 Jul 2016 13:11:11 GMT
- request:
    method: post
    uri: http://devstack.openstack.stack:35357/v3/projects
    body:
      encoding: UTF-8
      string: '{"project":{"name":"p-boo67","parent_id":"f01c9bfa44f74546b146e9fe2f470718"}}'
    headers:
      User-Agent:
      - fog-core/1.40.0
      Content-Type:
      - application/json
      Accept:
      - application/json
      X-Auth-Token:
      - b3dd0bb1d51042c2a187f4f4b8432edd
  response:
    status:
      code: 201
      message: ''
    headers:
      Date:
      - Fri, 15 Jul 2016 13:11:40 GMT
      Server:
      - Apache/2.4.7 (Ubuntu)
      Vary:
      - X-Auth-Token
      X-Openstack-Request-Id:
      - req-cfb6efb3-6b7c-42e7-8157-672db09560c4
      Content-Length:
      - '296'
      Content-Type:
      - application/json
    body:
      encoding: UTF-8
      string: '{"project": {"is_domain": false, "description": "", "links": {"self":
        "http://devstack.openstack.stack:35357/v3/projects/0f1f0ebab69842dca730780c664dc8d5"},
        "enabled": true, "id": "0f1f0ebab69842dca730780c664dc8d5", "parent_id": "f01c9bfa44f74546b146e9fe2f470718",
        "domain_id": "default", "name": "p-boo67"}}'
    http_version: 
  recorded_at: Fri, 15 Jul 2016 13:11:11 GMT
- request:
    method: post
    uri: http://devstack.openstack.stack:35357/v3/projects
    body:
      encoding: UTF-8
      string: '{"project":{"name":"p-booboo67","parent_id":"0f1f0ebab69842dca730780c664dc8d5"}}'
    headers:
      User-Agent:
      - fog-core/1.40.0
      Content-Type:
      - application/json
      Accept:
      - application/json
      X-Auth-Token:
      - b3dd0bb1d51042c2a187f4f4b8432edd
  response:
    status:
      code: 201
      message: ''
    headers:
      Date:
      - Fri, 15 Jul 2016 13:11:40 GMT
      Server:
      - Apache/2.4.7 (Ubuntu)
      Vary:
      - X-Auth-Token
      X-Openstack-Request-Id:
      - req-8900ef81-663f-49e7-add4-05e69d990775
      Content-Length:
      - '299'
      Content-Type:
      - application/json
    body:
      encoding: UTF-8
      string: '{"project": {"is_domain": false, "description": "", "links": {"self":
        "http://devstack.openstack.stack:35357/v3/projects/a00935a715534e18885ac8306c3e2136"},
        "enabled": true, "id": "a00935a715534e18885ac8306c3e2136", "parent_id": "0f1f0ebab69842dca730780c664dc8d5",
        "domain_id": "default", "name": "p-booboo67"}}'
    http_version: 
  recorded_at: Fri, 15 Jul 2016 13:11:12 GMT
- request:
    method: post
    uri: http://devstack.openstack.stack:35357/v3/roles
    body:
      encoding: UTF-8
      string: '{"role":{"name":"r-project67"}}'
    headers:
      User-Agent:
      - fog-core/1.40.0
      Content-Type:
      - application/json
      Accept:
      - application/json
      X-Auth-Token:
      - b3dd0bb1d51042c2a187f4f4b8432edd
  response:
    status:
      code: 201
      message: ''
    headers:
      Date:
      - Fri, 15 Jul 2016 13:11:41 GMT
      Server:
      - Apache/2.4.7 (Ubuntu)
      Vary:
      - X-Auth-Token
      X-Openstack-Request-Id:
      - req-36862a58-cbf5-4e09-be58-ad4fa0f00be9
      Content-Length:
      - '165'
      Content-Type:
      - application/json
    body:
      encoding: UTF-8
      string: '{"role": {"id": "02e593412c0a44bdb61fca1250577b3c", "links": {"self":
        "http://devstack.openstack.stack:35357/v3/roles/02e593412c0a44bdb61fca1250577b3c"}, "name":
        "r-project67"}}'
    http_version: 
  recorded_at: Fri, 15 Jul 2016 13:11:12 GMT
- request:
    method: put
    uri: http://devstack.openstack.stack:35357/v3/projects/f01c9bfa44f74546b146e9fe2f470718/users/205e0e39a2534743b517ed0aa2fbcda7/roles/02e593412c0a44bdb61fca1250577b3c
    body:
      encoding: US-ASCII
      string: ''
    headers:
      User-Agent:
      - fog-core/1.40.0
      Content-Type:
      - application/json
      Accept:
      - application/json
      X-Auth-Token:
      - b3dd0bb1d51042c2a187f4f4b8432edd
  response:
    status:
      code: 204
      message: ''
    headers:
      Date:
      - Fri, 15 Jul 2016 13:11:41 GMT
      Server:
      - Apache/2.4.7 (Ubuntu)
      Vary:
      - X-Auth-Token
      X-Openstack-Request-Id:
      - req-84d54b16-fe9c-4131-a7ad-f6b7a6af2e60
      Content-Length:
      - '0'
    body:
      encoding: UTF-8
      string: ''
    http_version: 
  recorded_at: Fri, 15 Jul 2016 13:11:12 GMT
- request:
    method: put
    uri: http://devstack.openstack.stack:35357/v3/projects/1133f82cb3344601b9164e51d6873bec/users/205e0e39a2534743b517ed0aa2fbcda7/roles/02e593412c0a44bdb61fca1250577b3c
    body:
      encoding: US-ASCII
      string: ''
    headers:
      User-Agent:
      - fog-core/1.40.0
      Content-Type:
      - application/json
      Accept:
      - application/json
      X-Auth-Token:
      - b3dd0bb1d51042c2a187f4f4b8432edd
  response:
    status:
      code: 204
      message: ''
    headers:
      Date:
      - Fri, 15 Jul 2016 13:11:41 GMT
      Server:
      - Apache/2.4.7 (Ubuntu)
      Vary:
      - X-Auth-Token
      X-Openstack-Request-Id:
      - req-7fe34ed8-e961-4267-81e0-9bdffc37d6ec
      Content-Length:
      - '0'
    body:
      encoding: UTF-8
      string: ''
    http_version: 
  recorded_at: Fri, 15 Jul 2016 13:11:12 GMT
- request:
    method: put
    uri: http://devstack.openstack.stack:35357/v3/projects/0f1f0ebab69842dca730780c664dc8d5/users/205e0e39a2534743b517ed0aa2fbcda7/roles/02e593412c0a44bdb61fca1250577b3c
    body:
      encoding: US-ASCII
      string: ''
    headers:
      User-Agent:
      - fog-core/1.40.0
      Content-Type:
      - application/json
      Accept:
      - application/json
      X-Auth-Token:
      - b3dd0bb1d51042c2a187f4f4b8432edd
  response:
    status:
      code: 204
      message: ''
    headers:
      Date:
      - Fri, 15 Jul 2016 13:11:41 GMT
      Server:
      - Apache/2.4.7 (Ubuntu)
      Vary:
      - X-Auth-Token
      X-Openstack-Request-Id:
      - req-f8d735ea-ffc0-4565-8e16-8750db1ee0cb
      Content-Length:
      - '0'
    body:
      encoding: UTF-8
      string: ''
    http_version: 
  recorded_at: Fri, 15 Jul 2016 13:11:12 GMT
- request:
    method: put
    uri: http://devstack.openstack.stack:35357/v3/projects/a00935a715534e18885ac8306c3e2136/users/205e0e39a2534743b517ed0aa2fbcda7/roles/02e593412c0a44bdb61fca1250577b3c
    body:
      encoding: US-ASCII
      string: ''
    headers:
      User-Agent:
      - fog-core/1.40.0
      Content-Type:
      - application/json
      Accept:
      - application/json
      X-Auth-Token:
      - b3dd0bb1d51042c2a187f4f4b8432edd
  response:
    status:
      code: 204
      message: ''
    headers:
      Date:
      - Fri, 15 Jul 2016 13:11:41 GMT
      Server:
      - Apache/2.4.7 (Ubuntu)
      Vary:
      - X-Auth-Token
      X-Openstack-Request-Id:
      - req-9b49dff0-3259-40cd-a015-cad982fc4bc7
      Content-Length:
      - '0'
    body:
      encoding: UTF-8
      string: ''
    http_version: 
  recorded_at: Fri, 15 Jul 2016 13:11:12 GMT
- request:
    method: get
    uri: http://devstack.openstack.stack:35357/v3/projects/f01c9bfa44f74546b146e9fe2f470718?subtree_as_ids
    body:
      encoding: US-ASCII
      string: ''
    headers:
      User-Agent:
      - fog-core/1.40.0
      Content-Type:
      - application/json
      Accept:
      - application/json
      X-Auth-Token:
      - b3dd0bb1d51042c2a187f4f4b8432edd
  response:
    status:
      code: 200
      message: ''
    headers:
      Date:
      - Fri, 15 Jul 2016 13:11:41 GMT
      Server:
      - Apache/2.4.7 (Ubuntu)
      Vary:
      - X-Auth-Token
      X-Openstack-Request-Id:
      - req-2c42b105-fcff-45fb-b5dc-5abcf42415b8
      Content-Length:
      - '404'
      Content-Type:
      - application/json
    body:
      encoding: UTF-8
      string: '{"project": {"is_domain": false, "description": "", "links": {"self":
        "http://devstack.openstack.stack:35357/v3/projects/f01c9bfa44f74546b146e9fe2f470718"},
        "enabled": true, "subtree": {"0f1f0ebab69842dca730780c664dc8d5": {"a00935a715534e18885ac8306c3e2136":
        null}, "1133f82cb3344601b9164e51d6873bec": null}, "id": "f01c9bfa44f74546b146e9fe2f470718",
        "parent_id": null, "domain_id": "default", "name": "p-foobar67"}}'
    http_version: 
  recorded_at: Fri, 15 Jul 2016 13:11:12 GMT
- request:
    method: get
    uri: http://devstack.openstack.stack:35357/v3/projects/f01c9bfa44f74546b146e9fe2f470718?subtree_as_list
    body:
      encoding: US-ASCII
      string: ''
    headers:
      User-Agent:
      - fog-core/1.40.0
      Content-Type:
      - application/json
      Accept:
      - application/json
      X-Auth-Token:
      - b3dd0bb1d51042c2a187f4f4b8432edd
  response:
    status:
      code: 200
      message: ''
    headers:
      Date:
      - Fri, 15 Jul 2016 13:11:42 GMT
      Server:
      - Apache/2.4.7 (Ubuntu)
      Vary:
      - X-Auth-Token
      X-Openstack-Request-Id:
      - req-f233aca8-b387-4cba-8285-823dd8a998ed
      Content-Length:
      - '1179'
      Content-Type:
      - application/json
    body:
      encoding: UTF-8
      string: '{"project": {"is_domain": false, "description": "", "links": {"self":
        "http://devstack.openstack.stack:35357/v3/projects/f01c9bfa44f74546b146e9fe2f470718"},
        "enabled": true, "subtree": [{"project": {"is_domain": false, "description":
        "", "links": {"self": "http://devstack.openstack.stack:35357/v3/projects/0f1f0ebab69842dca730780c664dc8d5"},
        "enabled": true, "id": "0f1f0ebab69842dca730780c664dc8d5", "parent_id": "f01c9bfa44f74546b146e9fe2f470718",
        "domain_id": "default", "name": "p-boo67"}}, {"project": {"is_domain": false,
        "description": "", "links": {"self": "http://devstack.openstack.stack:35357/v3/projects/1133f82cb3344601b9164e51d6873bec"},
        "enabled": true, "id": "1133f82cb3344601b9164e51d6873bec", "parent_id": "f01c9bfa44f74546b146e9fe2f470718",
        "domain_id": "default", "name": "p-baz67"}}, {"project": {"is_domain": false,
        "description": "", "links": {"self": "http://devstack.openstack.stack:35357/v3/projects/a00935a715534e18885ac8306c3e2136"},
        "enabled": true, "id": "a00935a715534e18885ac8306c3e2136", "parent_id": "0f1f0ebab69842dca730780c664dc8d5",
        "domain_id": "default", "name": "p-booboo67"}}], "id": "f01c9bfa44f74546b146e9fe2f470718",
        "parent_id": null, "domain_id": "default", "name": "p-foobar67"}}'
    http_version: 
  recorded_at: Fri, 15 Jul 2016 13:11:13 GMT
- request:
    method: post
    uri: http://devstack.openstack.stack:35357/v3/projects
    body:
      encoding: UTF-8
      string: '{"project":{"name":"p-fooboo67","parent_id":"0f1f0ebab69842dca730780c664dc8d5"}}'
    headers:
      User-Agent:
      - fog-core/1.40.0
      Content-Type:
      - application/json
      Accept:
      - application/json
      X-Auth-Token:
      - b3dd0bb1d51042c2a187f4f4b8432edd
  response:
    status:
      code: 201
      message: ''
    headers:
      Date:
      - Fri, 15 Jul 2016 13:11:42 GMT
      Server:
      - Apache/2.4.7 (Ubuntu)
      Vary:
      - X-Auth-Token
      X-Openstack-Request-Id:
      - req-6c95c92f-b240-4afa-8310-14b6f67eb79d
      Content-Length:
      - '299'
      Content-Type:
      - application/json
    body:
      encoding: UTF-8
      string: '{"project": {"is_domain": false, "description": "", "links": {"self":
        "http://devstack.openstack.stack:35357/v3/projects/73817cd57af9484f990b0d9181294a84"},
        "enabled": true, "id": "73817cd57af9484f990b0d9181294a84", "parent_id": "0f1f0ebab69842dca730780c664dc8d5",
        "domain_id": "default", "name": "p-fooboo67"}}'
    http_version: 
  recorded_at: Fri, 15 Jul 2016 13:11:13 GMT
- request:
    method: put
    uri: http://devstack.openstack.stack:35357/v3/projects/73817cd57af9484f990b0d9181294a84/users/205e0e39a2534743b517ed0aa2fbcda7/roles/02e593412c0a44bdb61fca1250577b3c
    body:
      encoding: US-ASCII
      string: ''
    headers:
      User-Agent:
      - fog-core/1.40.0
      Content-Type:
      - application/json
      Accept:
      - application/json
      X-Auth-Token:
      - b3dd0bb1d51042c2a187f4f4b8432edd
  response:
    status:
      code: 204
      message: ''
    headers:
      Date:
      - Fri, 15 Jul 2016 13:11:42 GMT
      Server:
      - Apache/2.4.7 (Ubuntu)
      Vary:
      - X-Auth-Token
      X-Openstack-Request-Id:
      - req-18fac074-93bd-4339-bb2f-3917293a9cf1
      Content-Length:
      - '0'
    body:
      encoding: UTF-8
      string: ''
    http_version: 
  recorded_at: Fri, 15 Jul 2016 13:11:13 GMT
- request:
    method: get
    uri: http://devstack.openstack.stack:35357/v3/projects/f01c9bfa44f74546b146e9fe2f470718?subtree_as_list
    body:
      encoding: US-ASCII
      string: ''
    headers:
      User-Agent:
      - fog-core/1.40.0
      Content-Type:
      - application/json
      Accept:
      - application/json
      X-Auth-Token:
      - b3dd0bb1d51042c2a187f4f4b8432edd
  response:
    status:
      code: 200
      message: ''
    headers:
      Date:
      - Fri, 15 Jul 2016 13:11:42 GMT
      Server:
      - Apache/2.4.7 (Ubuntu)
      Vary:
      - X-Auth-Token
      X-Openstack-Request-Id:
      - req-349977c5-582c-4085-b88f-631e542982bb
      Content-Length:
      - '1480'
      Content-Type:
      - application/json
    body:
      encoding: UTF-8
      string: '{"project": {"is_domain": false, "description": "", "links": {"self":
        "http://devstack.openstack.stack:35357/v3/projects/f01c9bfa44f74546b146e9fe2f470718"},
        "enabled": true, "subtree": [{"project": {"is_domain": false, "description":
        "", "links": {"self": "http://devstack.openstack.stack:35357/v3/projects/0f1f0ebab69842dca730780c664dc8d5"},
        "enabled": true, "id": "0f1f0ebab69842dca730780c664dc8d5", "parent_id": "f01c9bfa44f74546b146e9fe2f470718",
        "domain_id": "default", "name": "p-boo67"}}, {"project": {"is_domain": false,
        "description": "", "links": {"self": "http://devstack.openstack.stack:35357/v3/projects/1133f82cb3344601b9164e51d6873bec"},
        "enabled": true, "id": "1133f82cb3344601b9164e51d6873bec", "parent_id": "f01c9bfa44f74546b146e9fe2f470718",
        "domain_id": "default", "name": "p-baz67"}}, {"project": {"is_domain": false,
        "description": "", "links": {"self": "http://devstack.openstack.stack:35357/v3/projects/73817cd57af9484f990b0d9181294a84"},
        "enabled": true, "id": "73817cd57af9484f990b0d9181294a84", "parent_id": "0f1f0ebab69842dca730780c664dc8d5",
        "domain_id": "default", "name": "p-fooboo67"}}, {"project": {"is_domain":
        false, "description": "", "links": {"self": "http://devstack.openstack.stack:35357/v3/projects/a00935a715534e18885ac8306c3e2136"},
        "enabled": true, "id": "a00935a715534e18885ac8306c3e2136", "parent_id": "0f1f0ebab69842dca730780c664dc8d5",
        "domain_id": "default", "name": "p-booboo67"}}], "id": "f01c9bfa44f74546b146e9fe2f470718",
        "parent_id": null, "domain_id": "default", "name": "p-foobar67"}}'
    http_version: 
  recorded_at: Fri, 15 Jul 2016 13:11:13 GMT
- request:
    method: get
    uri: http://devstack.openstack.stack:35357/v3/projects/a00935a715534e18885ac8306c3e2136?parents_as_ids
    body:
      encoding: US-ASCII
      string: ''
    headers:
      User-Agent:
      - fog-core/1.40.0
      Content-Type:
      - application/json
      Accept:
      - application/json
      X-Auth-Token:
      - b3dd0bb1d51042c2a187f4f4b8432edd
  response:
    status:
      code: 200
      message: ''
    headers:
      Date:
      - Fri, 15 Jul 2016 13:11:42 GMT
      Server:
      - Apache/2.4.7 (Ubuntu)
      Vary:
      - X-Auth-Token
      X-Openstack-Request-Id:
      - req-2a3c4779-43d0-4d89-ac40-4a95ee260657
      Content-Length:
      - '392'
      Content-Type:
      - application/json
    body:
      encoding: UTF-8
      string: '{"project": {"is_domain": false, "description": "", "links": {"self":
        "http://devstack.openstack.stack:35357/v3/projects/a00935a715534e18885ac8306c3e2136"},
        "enabled": true, "id": "a00935a715534e18885ac8306c3e2136", "parent_id": "0f1f0ebab69842dca730780c664dc8d5",
        "parents": {"0f1f0ebab69842dca730780c664dc8d5": {"f01c9bfa44f74546b146e9fe2f470718":
        null}}, "domain_id": "default", "name": "p-booboo67"}}'
    http_version: 
  recorded_at: Fri, 15 Jul 2016 13:11:13 GMT
- request:
    method: get
    uri: http://devstack.openstack.stack:35357/v3/projects/a00935a715534e18885ac8306c3e2136?parents_as_list
    body:
      encoding: US-ASCII
      string: ''
    headers:
      User-Agent:
      - fog-core/1.40.0
      Content-Type:
      - application/json
      Accept:
      - application/json
      X-Auth-Token:
      - b3dd0bb1d51042c2a187f4f4b8432edd
  response:
    status:
      code: 200
      message: ''
    headers:
      Date:
      - Fri, 15 Jul 2016 13:11:42 GMT
      Server:
      - Apache/2.4.7 (Ubuntu)
      Vary:
      - X-Auth-Token
      X-Openstack-Request-Id:
      - req-db780250-4576-4f4b-a5a4-cf113c648a78
      Content-Length:
      - '881'
      Content-Type:
      - application/json
    body:
      encoding: UTF-8
      string: '{"project": {"is_domain": false, "description": "", "links": {"self":
        "http://devstack.openstack.stack:35357/v3/projects/a00935a715534e18885ac8306c3e2136"},
        "enabled": true, "id": "a00935a715534e18885ac8306c3e2136", "parent_id": "0f1f0ebab69842dca730780c664dc8d5",
        "parents": [{"project": {"is_domain": false, "description": "", "links": {"self":
        "http://devstack.openstack.stack:35357/v3/projects/0f1f0ebab69842dca730780c664dc8d5"},
        "enabled": true, "id": "0f1f0ebab69842dca730780c664dc8d5", "parent_id": "f01c9bfa44f74546b146e9fe2f470718",
        "domain_id": "default", "name": "p-boo67"}}, {"project": {"is_domain": false,
        "description": "", "links": {"self": "http://devstack.openstack.stack:35357/v3/projects/f01c9bfa44f74546b146e9fe2f470718"},
        "enabled": true, "id": "f01c9bfa44f74546b146e9fe2f470718", "parent_id": null,
        "domain_id": "default", "name": "p-foobar67"}}], "domain_id": "default", "name":
        "p-booboo67"}}'
    http_version: 
  recorded_at: Fri, 15 Jul 2016 13:11:14 GMT
- request:
    method: delete
    uri: http://devstack.openstack.stack:35357/v3/projects/73817cd57af9484f990b0d9181294a84
    body:
      encoding: US-ASCII
      string: ''
    headers:
      User-Agent:
      - fog-core/1.40.0
      Content-Type:
      - application/json
      Accept:
      - application/json
      X-Auth-Token:
      - b3dd0bb1d51042c2a187f4f4b8432edd
  response:
    status:
      code: 204
      message: ''
    headers:
      Date:
      - Fri, 15 Jul 2016 13:11:43 GMT
      Server:
      - Apache/2.4.7 (Ubuntu)
      Vary:
      - X-Auth-Token
      X-Openstack-Request-Id:
      - req-e89a8df3-3467-46a9-8818-2203ee7bdf01
      Content-Length:
      - '0'
    body:
      encoding: UTF-8
      string: ''
    http_version: 
  recorded_at: Fri, 15 Jul 2016 13:11:14 GMT
- request:
    method: delete
    uri: http://devstack.openstack.stack:35357/v3/projects/a00935a715534e18885ac8306c3e2136
    body:
      encoding: US-ASCII
      string: ''
    headers:
      User-Agent:
      - fog-core/1.40.0
      Content-Type:
      - application/json
      Accept:
      - application/json
      X-Auth-Token:
      - b3dd0bb1d51042c2a187f4f4b8432edd
  response:
    status:
      code: 204
      message: ''
    headers:
      Date:
      - Fri, 15 Jul 2016 13:11:43 GMT
      Server:
      - Apache/2.4.7 (Ubuntu)
      Vary:
      - X-Auth-Token
      X-Openstack-Request-Id:
      - req-ddb03950-d598-4b6b-86c6-5119186bb3d4
      Content-Length:
      - '0'
    body:
      encoding: UTF-8
      string: ''
    http_version: 
  recorded_at: Fri, 15 Jul 2016 13:11:14 GMT
- request:
    method: delete
    uri: http://devstack.openstack.stack:35357/v3/projects/0f1f0ebab69842dca730780c664dc8d5
    body:
      encoding: US-ASCII
      string: ''
    headers:
      User-Agent:
      - fog-core/1.40.0
      Content-Type:
      - application/json
      Accept:
      - application/json
      X-Auth-Token:
      - b3dd0bb1d51042c2a187f4f4b8432edd
  response:
    status:
      code: 204
      message: ''
    headers:
      Date:
      - Fri, 15 Jul 2016 13:11:43 GMT
      Server:
      - Apache/2.4.7 (Ubuntu)
      Vary:
      - X-Auth-Token
      X-Openstack-Request-Id:
      - req-91352e03-fb33-40d4-ad73-c0d25af50c9f
      Content-Length:
      - '0'
    body:
      encoding: UTF-8
      string: ''
    http_version: 
  recorded_at: Fri, 15 Jul 2016 13:11:14 GMT
- request:
    method: delete
    uri: http://devstack.openstack.stack:35357/v3/projects/1133f82cb3344601b9164e51d6873bec
    body:
      encoding: US-ASCII
      string: ''
    headers:
      User-Agent:
      - fog-core/1.40.0
      Content-Type:
      - application/json
      Accept:
      - application/json
      X-Auth-Token:
      - b3dd0bb1d51042c2a187f4f4b8432edd
  response:
    status:
      code: 204
      message: ''
    headers:
      Date:
      - Fri, 15 Jul 2016 13:11:43 GMT
      Server:
      - Apache/2.4.7 (Ubuntu)
      Vary:
      - X-Auth-Token
      X-Openstack-Request-Id:
      - req-10e2e614-3bf7-4307-946e-a6bdad537f27
      Content-Length:
      - '0'
    body:
      encoding: UTF-8
      string: ''
    http_version: 
  recorded_at: Fri, 15 Jul 2016 13:11:14 GMT
- request:
    method: delete
    uri: http://devstack.openstack.stack:35357/v3/projects/f01c9bfa44f74546b146e9fe2f470718
    body:
      encoding: US-ASCII
      string: ''
    headers:
      User-Agent:
      - fog-core/1.40.0
      Content-Type:
      - application/json
      Accept:
      - application/json
      X-Auth-Token:
      - b3dd0bb1d51042c2a187f4f4b8432edd
  response:
    status:
      code: 204
      message: ''
    headers:
      Date:
      - Fri, 15 Jul 2016 13:11:44 GMT
      Server:
      - Apache/2.4.7 (Ubuntu)
      Vary:
      - X-Auth-Token
      X-Openstack-Request-Id:
      - req-0854bc38-0b84-4a7b-a1ee-5e2015a95b42
      Content-Length:
      - '0'
    body:
      encoding: UTF-8
      string: ''
    http_version: 
  recorded_at: Fri, 15 Jul 2016 13:11:15 GMT
- request:
    method: delete
    uri: http://devstack.openstack.stack:35357/v3/roles/02e593412c0a44bdb61fca1250577b3c
    body:
      encoding: US-ASCII
      string: ''
    headers:
      User-Agent:
      - fog-core/1.40.0
      Content-Type:
      - application/json
      Accept:
      - application/json
      X-Auth-Token:
      - b3dd0bb1d51042c2a187f4f4b8432edd
  response:
    status:
      code: 204
      message: ''
    headers:
      Date:
      - Fri, 15 Jul 2016 13:11:44 GMT
      Server:
      - Apache/2.4.7 (Ubuntu)
      Vary:
      - X-Auth-Token
      X-Openstack-Request-Id:
      - req-b15ffd4b-7614-45bf-aeaf-a1e888aa4478
      Content-Length:
      - '0'
    body:
      encoding: UTF-8
      string: ''
    http_version: 
  recorded_at: Fri, 15 Jul 2016 13:11:15 GMT
- request:
    method: get
    uri: http://devstack.openstack.stack:35357/v3/projects/f01c9bfa44f74546b146e9fe2f470718
    body:
      encoding: US-ASCII
      string: ''
    headers:
      User-Agent:
      - fog-core/1.40.0
      Content-Type:
      - application/json
      Accept:
      - application/json
      X-Auth-Token:
      - b3dd0bb1d51042c2a187f4f4b8432edd
  response:
    status:
      code: 404
      message: ''
    headers:
      Date:
      - Fri, 15 Jul 2016 13:11:44 GMT
      Server:
      - Apache/2.4.7 (Ubuntu)
      Vary:
      - X-Auth-Token
      X-Openstack-Request-Id:
      - req-4411e82b-0947-49fc-a274-9df46f6cb0cd
      Content-Length:
      - '117'
      Content-Type:
      - application/json
    body:
      encoding: UTF-8
      string: '{"error": {"message": "Could not find project: f01c9bfa44f74546b146e9fe2f470718",
        "code": 404, "title": "Not Found"}}'
    http_version: 
  recorded_at: Fri, 15 Jul 2016 13:11:15 GMT
- request:
    method: get
    uri: http://devstack.openstack.stack:35357/v3/projects?name=p-booboo67
    body:
      encoding: US-ASCII
      string: ''
    headers:
      User-Agent:
      - fog-core/1.40.0
      Content-Type:
      - application/json
      Accept:
      - application/json
      X-Auth-Token:
      - b3dd0bb1d51042c2a187f4f4b8432edd
  response:
    status:
      code: 200
      message: ''
    headers:
      Date:
      - Fri, 15 Jul 2016 13:11:44 GMT
      Server:
      - Apache/2.4.7 (Ubuntu)
      Vary:
      - X-Auth-Token
      X-Openstack-Request-Id:
      - req-5532c99b-9a39-4b35-b6ca-d49408687b29
      Content-Length:
      - '124'
      Content-Type:
      - application/json
    body:
      encoding: UTF-8
      string: '{"links": {"self": "http://devstack.openstack.stack:35357/v3/projects?name=p-booboo67",
        "previous": null, "next": null}, "projects": []}'
    http_version: 
  recorded_at: Fri, 15 Jul 2016 13:11:15 GMT
- request:
    method: get
    uri: http://devstack.openstack.stack:35357/v3/projects?name=p-booboo67
    body:
      encoding: US-ASCII
      string: ''
    headers:
      User-Agent:
      - fog-core/1.40.0
      Content-Type:
      - application/json
      Accept:
      - application/json
      X-Auth-Token:
      - b3dd0bb1d51042c2a187f4f4b8432edd
  response:
    status:
      code: 200
      message: ''
    headers:
      Date:
      - Fri, 15 Jul 2016 13:11:44 GMT
      Server:
      - Apache/2.4.7 (Ubuntu)
      Vary:
      - X-Auth-Token
      X-Openstack-Request-Id:
      - req-41deb741-08e0-4c61-a78b-d92a8b732247
      Content-Length:
      - '124'
      Content-Type:
      - application/json
    body:
      encoding: UTF-8
      string: '{"links": {"self": "http://devstack.openstack.stack:35357/v3/projects?name=p-booboo67",
        "previous": null, "next": null}, "projects": []}'
    http_version: 
  recorded_at: Fri, 15 Jul 2016 13:11:15 GMT
- request:
    method: get
    uri: http://devstack.openstack.stack:35357/v3/projects?name=p-fooboo67
    body:
      encoding: US-ASCII
      string: ''
    headers:
      User-Agent:
      - fog-core/1.40.0
      Content-Type:
      - application/json
      Accept:
      - application/json
      X-Auth-Token:
      - b3dd0bb1d51042c2a187f4f4b8432edd
  response:
    status:
      code: 200
      message: ''
    headers:
      Date:
      - Fri, 15 Jul 2016 13:11:44 GMT
      Server:
      - Apache/2.4.7 (Ubuntu)
      Vary:
      - X-Auth-Token
      X-Openstack-Request-Id:
      - req-4a056028-b35e-4b03-8417-c7d04c21853c
      Content-Length:
      - '124'
      Content-Type:
      - application/json
    body:
      encoding: UTF-8
      string: '{"links": {"self": "http://devstack.openstack.stack:35357/v3/projects?name=p-fooboo67",
        "previous": null, "next": null}, "projects": []}'
    http_version: 
  recorded_at: Fri, 15 Jul 2016 13:11:15 GMT
- request:
    method: get
    uri: http://devstack.openstack.stack:35357/v3/projects?name=p-fooboo67
    body:
      encoding: US-ASCII
      string: ''
    headers:
      User-Agent:
      - fog-core/1.40.0
      Content-Type:
      - application/json
      Accept:
      - application/json
      X-Auth-Token:
      - b3dd0bb1d51042c2a187f4f4b8432edd
  response:
    status:
      code: 200
      message: ''
    headers:
      Date:
      - Fri, 15 Jul 2016 13:11:45 GMT
      Server:
      - Apache/2.4.7 (Ubuntu)
      Vary:
      - X-Auth-Token
      X-Openstack-Request-Id:
      - req-ac1442d4-2c52-4bae-a842-beec3f488f2b
      Content-Length:
      - '124'
      Content-Type:
      - application/json
    body:
      encoding: UTF-8
      string: '{"links": {"self": "http://devstack.openstack.stack:35357/v3/projects?name=p-fooboo67",
        "previous": null, "next": null}, "projects": []}'
    http_version: 
  recorded_at: Fri, 15 Jul 2016 13:11:16 GMT
- request:
    method: get
    uri: http://devstack.openstack.stack:35357/v3/projects?name=p-boo67
    body:
      encoding: US-ASCII
      string: ''
    headers:
      User-Agent:
      - fog-core/1.40.0
      Content-Type:
      - application/json
      Accept:
      - application/json
      X-Auth-Token:
      - b3dd0bb1d51042c2a187f4f4b8432edd
  response:
    status:
      code: 200
      message: ''
    headers:
      Date:
      - Fri, 15 Jul 2016 13:11:45 GMT
      Server:
      - Apache/2.4.7 (Ubuntu)
      Vary:
      - X-Auth-Token
      X-Openstack-Request-Id:
      - req-f146f632-833a-4bbd-8938-0f36d6935a36
      Content-Length:
      - '121'
      Content-Type:
      - application/json
    body:
      encoding: UTF-8
      string: '{"links": {"self": "http://devstack.openstack.stack:35357/v3/projects?name=p-boo67",
        "previous": null, "next": null}, "projects": []}'
    http_version: 
  recorded_at: Fri, 15 Jul 2016 13:11:16 GMT
- request:
    method: get
    uri: http://devstack.openstack.stack:35357/v3/projects?name=p-boo67
    body:
      encoding: US-ASCII
      string: ''
    headers:
      User-Agent:
      - fog-core/1.40.0
      Content-Type:
      - application/json
      Accept:
      - application/json
      X-Auth-Token:
      - b3dd0bb1d51042c2a187f4f4b8432edd
  response:
    status:
      code: 200
      message: ''
    headers:
      Date:
      - Fri, 15 Jul 2016 13:11:45 GMT
      Server:
      - Apache/2.4.7 (Ubuntu)
      Vary:
      - X-Auth-Token
      X-Openstack-Request-Id:
      - req-65499e6e-6a40-4d36-976a-b802faf150c9
      Content-Length:
      - '121'
      Content-Type:
      - application/json
    body:
      encoding: UTF-8
      string: '{"links": {"self": "http://devstack.openstack.stack:35357/v3/projects?name=p-boo67",
        "previous": null, "next": null}, "projects": []}'
    http_version: 
  recorded_at: Fri, 15 Jul 2016 13:11:16 GMT
- request:
    method: get
    uri: http://devstack.openstack.stack:35357/v3/projects?name=p-baz67
    body:
      encoding: US-ASCII
      string: ''
    headers:
      User-Agent:
      - fog-core/1.40.0
      Content-Type:
      - application/json
      Accept:
      - application/json
      X-Auth-Token:
      - b3dd0bb1d51042c2a187f4f4b8432edd
  response:
    status:
      code: 200
      message: ''
    headers:
      Date:
      - Fri, 15 Jul 2016 13:11:45 GMT
      Server:
      - Apache/2.4.7 (Ubuntu)
      Vary:
      - X-Auth-Token
      X-Openstack-Request-Id:
      - req-b840783c-5247-4478-9130-e5a3d9ebd293
      Content-Length:
      - '121'
      Content-Type:
      - application/json
    body:
      encoding: UTF-8
      string: '{"links": {"self": "http://devstack.openstack.stack:35357/v3/projects?name=p-baz67",
        "previous": null, "next": null}, "projects": []}'
    http_version: 
  recorded_at: Fri, 15 Jul 2016 13:11:16 GMT
- request:
    method: get
    uri: http://devstack.openstack.stack:35357/v3/projects?name=p-baz67
    body:
      encoding: US-ASCII
      string: ''
    headers:
      User-Agent:
      - fog-core/1.40.0
      Content-Type:
      - application/json
      Accept:
      - application/json
      X-Auth-Token:
      - b3dd0bb1d51042c2a187f4f4b8432edd
  response:
    status:
      code: 200
      message: ''
    headers:
      Date:
      - Fri, 15 Jul 2016 13:11:45 GMT
      Server:
      - Apache/2.4.7 (Ubuntu)
      Vary:
      - X-Auth-Token
      X-Openstack-Request-Id:
      - req-d4521596-42fd-4940-8648-8506d42e7519
      Content-Length:
      - '121'
      Content-Type:
      - application/json
    body:
      encoding: UTF-8
      string: '{"links": {"self": "http://devstack.openstack.stack:35357/v3/projects?name=p-baz67",
        "previous": null, "next": null}, "projects": []}'
    http_version: 
  recorded_at: Fri, 15 Jul 2016 13:11:16 GMT
- request:
    method: get
    uri: http://devstack.openstack.stack:35357/v3/projects?name=p-foobar67
    body:
      encoding: US-ASCII
      string: ''
    headers:
      User-Agent:
      - fog-core/1.40.0
      Content-Type:
      - application/json
      Accept:
      - application/json
      X-Auth-Token:
      - b3dd0bb1d51042c2a187f4f4b8432edd
  response:
    status:
      code: 200
      message: ''
    headers:
      Date:
      - Fri, 15 Jul 2016 13:11:45 GMT
      Server:
      - Apache/2.4.7 (Ubuntu)
      Vary:
      - X-Auth-Token
      X-Openstack-Request-Id:
      - req-cef9d690-466f-4183-af91-70e1f5c0cc9a
      Content-Length:
      - '124'
      Content-Type:
      - application/json
    body:
      encoding: UTF-8
      string: '{"links": {"self": "http://devstack.openstack.stack:35357/v3/projects?name=p-foobar67",
        "previous": null, "next": null}, "projects": []}'
    http_version: 
  recorded_at: Fri, 15 Jul 2016 13:11:16 GMT
- request:
    method: get
    uri: http://devstack.openstack.stack:35357/v3/projects?name=p-foobar67
    body:
      encoding: US-ASCII
      string: ''
    headers:
      User-Agent:
      - fog-core/1.40.0
      Content-Type:
      - application/json
      Accept:
      - application/json
      X-Auth-Token:
      - b3dd0bb1d51042c2a187f4f4b8432edd
  response:
    status:
      code: 200
      message: ''
    headers:
      Date:
      - Fri, 15 Jul 2016 13:11:45 GMT
      Server:
      - Apache/2.4.7 (Ubuntu)
      Vary:
      - X-Auth-Token
      X-Openstack-Request-Id:
      - req-191e2522-93b9-4c2c-af76-02b37e14e5ac
      Content-Length:
      - '124'
      Content-Type:
      - application/json
    body:
      encoding: UTF-8
      string: '{"links": {"self": "http://devstack.openstack.stack:35357/v3/projects?name=p-foobar67",
        "previous": null, "next": null}, "projects": []}'
    http_version: 
  recorded_at: Fri, 15 Jul 2016 13:11:16 GMT
recorded_with: VCR 3.0.1
