---
http_interactions:
- request:
    method: post
    uri: http://devstack.openstack.stack:35357/v3/users
    body:
      encoding: UTF-8
      string: '{"user":{"name":"u-foobar_cred","email":"foobar@example.com","password":"s3cret!"}}'
    headers:
      User-Agent:
      - fog-core/1.40.0
      Content-Type:
      - application/json
      Accept:
      - application/json
      X-Auth-Token:
      - 5c889830fc0b4b1cb05a4930ec63aad1
  response:
    status:
      code: 201
      message: ''
    headers:
      Date:
      - Fri, 15 Jul 2016 13:12:17 GMT
      Server:
      - Apache/2.4.7 (Ubuntu)
      Vary:
      - X-Auth-Token
      X-Openstack-Request-Id:
      - req-eebfbd1a-8c91-428b-ab02-24e49f4161cf
      Content-Length:
      - '239'
      Content-Type:
      - application/json
    body:
      encoding: UTF-8
      string: '{"user": {"name": "u-foobar_cred", "links": {"self": "http://devstack.openstack.stack:35357/v3/users/d91cbca47fd540a796b385cf5394a482"},
        "domain_id": "default", "enabled": true, "email": "foobar@example.com", "id":
        "d91cbca47fd540a796b385cf5394a482"}}'
    http_version: 
  recorded_at: Fri, 15 Jul 2016 13:11:48 GMT
- request:
    method: get
    uri: http://devstack.openstack.stack:35357/v3/projects
    body:
      encoding: US-ASCII
      string: ''
    headers:
      User-Agent:
      - fog-core/1.40.0
      Content-Type:
      - application/json
      Accept:
      - application/json
      X-Auth-Token:
      - 5c889830fc0b4b1cb05a4930ec63aad1
  response:
    status:
      code: 200
      message: ''
    headers:
      Date:
      - Fri, 15 Jul 2016 13:12:17 GMT
      Server:
      - Apache/2.4.7 (Ubuntu)
      Vary:
      - X-Auth-Token
      X-Openstack-Request-Id:
      - req-bdf82154-4083-452f-bf1f-675df8a04389
      Content-Length:
      - '3930'
      Content-Type:
      - application/json
    body:
      encoding: UTF-8
      string: '{"links": {"self": "http://devstack.openstack.stack:35357/v3/projects", "previous":
        null, "next": null}, "projects": [{"is_domain": false, "description": "",
        "links": {"self": "http://devstack.openstack.stack:35357/v3/projects/2ab82e30d7984631874def67813dffd8"},
        "enabled": true, "id": "2ab82e30d7984631874def67813dffd8", "parent_id": null,
        "domain_id": "default", "name": "service"}, {"is_domain": false, "description":
        "Monasca Monitoring Project", "links": {"self": "http://devstack.openstack.stack:35357/v3/projects/30079dd13fb1488a88e6ee32f3e0b9ac"},
        "enabled": true, "id": "30079dd13fb1488a88e6ee32f3e0b9ac", "parent_id": null,
        "domain_id": "default", "name": "monitoring"}, {"is_domain": false, "description":
        "", "links": {"self": "http://devstack.openstack.stack:35357/v3/projects/5c2f4406e91248ac9c1406b795385725"},
        "enabled": true, "id": "5c2f4406e91248ac9c1406b795385725", "parent_id": null,
        "domain_id": "default", "name": "invisible_to_admin"}, {"is_domain": false,
        "description": "Monasca self-monitoring project", "links": {"self": "http://devstack.openstack.stack:35357/v3/projects/650778a984b040d2bc7acd45d9e7940f"},
        "enabled": true, "id": "650778a984b040d2bc7acd45d9e7940f", "parent_id": null,
        "domain_id": "36ba5b83865d482296b6d0682e983d77", "name": "service"}, {"is_domain":
        false, "description": "from cmdline", "links": {"self": "http://devstack.openstack.stack:35357/v3/projects/775d0f75213049008cadd749d864b034"},
        "enabled": true, "id": "775d0f75213049008cadd749d864b034", "parent_id": null,
        "domain_id": "default", "name": "cmdlineproj2"}, {"is_domain": false, "description":
        "", "links": {"self": "http://devstack.openstack.stack:35357/v3/projects/7abd4b01ef62438bb79d7bd78fcbf9c8"},
        "enabled": true, "id": "7abd4b01ef62438bb79d7bd78fcbf9c8", "parent_id": null,
        "domain_id": "default", "name": "BillingProject"}, {"is_domain": false, "description":
        "", "links": {"self": "http://devstack.openstack.stack:35357/v3/projects/8248851af6d54c689198bf2db30c5ed9"},
        "enabled": true, "id": "8248851af6d54c689198bf2db30c5ed9", "parent_id": null,
        "domain_id": "default", "name": "swifttenanttest1"}, {"is_domain": false,
        "description": "", "links": {"self": "http://devstack.openstack.stack:35357/v3/projects/9eed0d548eb943fc88ac5a49df3a6911"},
        "enabled": true, "id": "9eed0d548eb943fc88ac5a49df3a6911", "parent_id": null,
        "domain_id": "default", "name": "swifttenanttest2"}, {"is_domain": false,
        "description": "", "links": {"self": "http://devstack.openstack.stack:35357/v3/projects/a5db6ff5a6274dd589b6a05945d7f34d"},
        "enabled": true, "id": "a5db6ff5a6274dd589b6a05945d7f34d", "parent_id": null,
        "domain_id": "default", "name": "demo"}, {"is_domain": false, "description":
        "", "links": {"self": "http://devstack.openstack.stack:35357/v3/projects/ac812327c9b84a3cb1cabd56f251f5da"},
        "enabled": true, "id": "ac812327c9b84a3cb1cabd56f251f5da", "parent_id": null,
        "domain_id": "1617829d043b41858253a9a6e848615d", "name": "swifttenanttest4"},
        {"is_domain": false, "description": "Monasca self-monitoring project", "links":
        {"self": "http://devstack.openstack.stack:35357/v3/projects/e9c90636e1b048df86267ca7c54782eb"},
        "enabled": true, "id": "e9c90636e1b048df86267ca7c54782eb", "parent_id": null,
        "domain_id": "77e438db79474d5d90ab5f2c5c4942e2", "name": "monitoring"}, {"is_domain":
        false, "description": "", "links": {"self": "http://devstack.openstack.stack:35357/v3/projects/f17a4813648d4b0bb82124ca1f5f1fd0"},
        "enabled": true, "id": "f17a4813648d4b0bb82124ca1f5f1fd0", "parent_id": null,
        "domain_id": "default", "name": "admin"}, {"is_domain": false, "description":
        "from cmdline", "links": {"self": "http://devstack.openstack.stack:35357/v3/projects/f2eb3fbfdd8849729a1e0c0dbf188dda"},
        "enabled": true, "id": "f2eb3fbfdd8849729a1e0c0dbf188dda", "parent_id": null,
        "domain_id": "default", "name": "cmdlineproj1"}, {"is_domain": false, "description":
        "ertertert", "links": {"self": "http://devstack.openstack.stack:35357/v3/projects/fb52f89781a64375a826ad12fc174534"},
        "enabled": true, "id": "fb52f89781a64375a826ad12fc174534", "parent_id": null,
        "domain_id": "default", "name": "ertertert"}]}'
    http_version: 
  recorded_at: Fri, 15 Jul 2016 13:11:48 GMT
- request:
    method: get
    uri: http://devstack.openstack.stack:35357/v3/credentials
    body:
      encoding: US-ASCII
      string: ''
    headers:
      User-Agent:
      - fog-core/1.40.0
      Content-Type:
      - application/json
      Accept:
      - application/json
      X-Auth-Token:
      - 5c889830fc0b4b1cb05a4930ec63aad1
  response:
    status:
      code: 200
      message: ''
    headers:
      Date:
      - Fri, 15 Jul 2016 13:12:17 GMT
      Server:
      - Apache/2.4.7 (Ubuntu)
      Vary:
      - X-Auth-Token
      X-Openstack-Request-Id:
      - req-f7c9e535-6aca-4883-8085-e259a972b6a7
      Content-Length:
      - '114'
      Content-Type:
      - application/json
    body:
      encoding: UTF-8
      string: '{"credentials": [], "links": {"self": "http://devstack.openstack.stack:35357/v3/credentials",
        "previous": null, "next": null}}'
    http_version: 
  recorded_at: Fri, 15 Jul 2016 13:11:48 GMT
- request:
    method: get
    uri: http://devstack.openstack.stack:35357/v3/credentials
    body:
      encoding: US-ASCII
      string: ''
    headers:
      User-Agent:
      - fog-core/1.40.0
      Content-Type:
      - application/json
      Accept:
      - application/json
      X-Auth-Token:
      - 5c889830fc0b4b1cb05a4930ec63aad1
  response:
    status:
      code: 200
      message: ''
    headers:
      Date:
      - Fri, 15 Jul 2016 13:12:17 GMT
      Server:
      - Apache/2.4.7 (Ubuntu)
      Vary:
      - X-Auth-Token
      X-Openstack-Request-Id:
      - req-c531525a-6476-405d-a808-1f91284a618b
      Content-Length:
      - '114'
      Content-Type:
      - application/json
    body:
      encoding: UTF-8
      string: '{"credentials": [], "links": {"self": "http://devstack.openstack.stack:35357/v3/credentials",
        "previous": null, "next": null}}'
    http_version: 
  recorded_at: Fri, 15 Jul 2016 13:11:48 GMT
- request:
    method: post
    uri: http://devstack.openstack.stack:35357/v3/credentials
    body:
      encoding: UTF-8
      string: '{"credential":{"type":"ec2","project_id":"2ab82e30d7984631874def67813dffd8","user_id":"d91cbca47fd540a796b385cf5394a482","blob":"{\"access\":\"9c4e774a-f644-498f-90c4-970b3f817fc5\",\"secret\":\"7e084117-b13d-4656-9eca-85376b690897\"}"}}'
    headers:
      User-Agent:
      - fog-core/1.40.0
      Content-Type:
      - application/json
      Accept:
      - application/json
      X-Auth-Token:
      - 5c889830fc0b4b1cb05a4930ec63aad1
  response:
    status:
      code: 201
      message: ''
    headers:
      Date:
      - Fri, 15 Jul 2016 13:12:17 GMT
      Server:
      - Apache/2.4.7 (Ubuntu)
      Vary:
      - X-Auth-Token
      X-Openstack-Request-Id:
      - req-93c36acf-3743-46ce-959c-35dcb8113912
      Content-Length:
      - '447'
      Content-Type:
      - application/json
    body:
      encoding: UTF-8
      string: '{"credential": {"user_id": "d91cbca47fd540a796b385cf5394a482", "links":
        {"self": "http://devstack.openstack.stack:35357/v3/credentials/9e7bb4e633cc08cc863fe15351911e267f2a953b24c1a80f0f35e173303bafae"},
        "blob": "{\"access\":\"9c4e774a-f644-498f-90c4-970b3f817fc5\",\"secret\":\"7e084117-b13d-4656-9eca-85376b690897\"}",
        "project_id": "2ab82e30d7984631874def67813dffd8", "type": "ec2", "id": "9e7bb4e633cc08cc863fe15351911e267f2a953b24c1a80f0f35e173303bafae"}}'
    http_version: 
  recorded_at: Fri, 15 Jul 2016 13:11:48 GMT
- request:
    method: get
    uri: http://devstack.openstack.stack:35357/v3/credentials
    body:
      encoding: US-ASCII
      string: ''
    headers:
      User-Agent:
      - fog-core/1.40.0
      Content-Type:
      - application/json
      Accept:
      - application/json
      X-Auth-Token:
      - 5c889830fc0b4b1cb05a4930ec63aad1
  response:
    status:
      code: 200
      message: ''
    headers:
      Date:
      - Fri, 15 Jul 2016 13:12:17 GMT
      Server:
      - Apache/2.4.7 (Ubuntu)
      Vary:
      - X-Auth-Token
      X-Openstack-Request-Id:
      - req-aea1b4e9-3709-4be5-816d-7cd65739aea6
      Content-Length:
      - '545'
      Content-Type:
      - application/json
    body:
      encoding: UTF-8
      string: '{"credentials": [{"user_id": "d91cbca47fd540a796b385cf5394a482", "links":
        {"self": "http://devstack.openstack.stack:35357/v3/credentials/9e7bb4e633cc08cc863fe15351911e267f2a953b24c1a80f0f35e173303bafae"},
        "blob": "{\"access\":\"9c4e774a-f644-498f-90c4-970b3f817fc5\",\"secret\":\"7e084117-b13d-4656-9eca-85376b690897\"}",
        "project_id": "2ab82e30d7984631874def67813dffd8", "type": "ec2", "id": "9e7bb4e633cc08cc863fe15351911e267f2a953b24c1a80f0f35e173303bafae"}],
        "links": {"self": "http://devstack.openstack.stack:35357/v3/credentials", "previous":
        null, "next": null}}'
    http_version: 
  recorded_at: Fri, 15 Jul 2016 13:11:48 GMT
- request:
    method: patch
    uri: http://devstack.openstack.stack:35357/v3/credentials/9e7bb4e633cc08cc863fe15351911e267f2a953b24c1a80f0f35e173303bafae
    body:
      encoding: UTF-8
      string: '{"credential":{"blob":"{\"access\":\"9c4e774a-f644-498f-90c4-970b3f817fc5\",\"secret\":\"62307bcd-ca3c-47ae-a114-27a6cadb5bc9\"}"}}'
    headers:
      User-Agent:
      - fog-core/1.40.0
      Content-Type:
      - application/json
      Accept:
      - application/json
      X-Auth-Token:
      - 5c889830fc0b4b1cb05a4930ec63aad1
  response:
    status:
      code: 200
      message: ''
    headers:
      Date:
      - Fri, 15 Jul 2016 13:12:18 GMT
      Server:
      - Apache/2.4.7 (Ubuntu)
      Vary:
      - X-Auth-Token
      X-Openstack-Request-Id:
      - req-e157e58c-60a8-4623-bf86-f6aedbec4fec
      Content-Length:
      - '447'
      Content-Type:
      - application/json
    body:
      encoding: UTF-8
      string: '{"credential": {"user_id": "d91cbca47fd540a796b385cf5394a482", "links":
        {"self": "http://devstack.openstack.stack:35357/v3/credentials/9e7bb4e633cc08cc863fe15351911e267f2a953b24c1a80f0f35e173303bafae"},
        "blob": "{\"access\":\"9c4e774a-f644-498f-90c4-970b3f817fc5\",\"secret\":\"62307bcd-ca3c-47ae-a114-27a6cadb5bc9\"}",
        "project_id": "2ab82e30d7984631874def67813dffd8", "type": "ec2", "id": "9e7bb4e633cc08cc863fe15351911e267f2a953b24c1a80f0f35e173303bafae"}}'
    http_version: 
  recorded_at: Fri, 15 Jul 2016 13:11:49 GMT
- request:
    method: get
    uri: http://devstack.openstack.stack:35357/v3/credentials
    body:
      encoding: US-ASCII
      string: ''
    headers:
      User-Agent:
      - fog-core/1.40.0
      Content-Type:
      - application/json
      Accept:
      - application/json
      X-Auth-Token:
      - 5c889830fc0b4b1cb05a4930ec63aad1
  response:
    status:
      code: 200
      message: ''
    headers:
      Date:
      - Fri, 15 Jul 2016 13:12:18 GMT
      Server:
      - Apache/2.4.7 (Ubuntu)
      Vary:
      - X-Auth-Token
      X-Openstack-Request-Id:
      - req-9e490d2c-1225-4802-84d9-1b8623d0a2a0
      Content-Length:
      - '545'
      Content-Type:
      - application/json
    body:
      encoding: UTF-8
      string: '{"credentials": [{"user_id": "d91cbca47fd540a796b385cf5394a482", "links":
        {"self": "http://devstack.openstack.stack:35357/v3/credentials/9e7bb4e633cc08cc863fe15351911e267f2a953b24c1a80f0f35e173303bafae"},
        "blob": "{\"access\":\"9c4e774a-f644-498f-90c4-970b3f817fc5\",\"secret\":\"62307bcd-ca3c-47ae-a114-27a6cadb5bc9\"}",
        "project_id": "2ab82e30d7984631874def67813dffd8", "type": "ec2", "id": "9e7bb4e633cc08cc863fe15351911e267f2a953b24c1a80f0f35e173303bafae"}],
        "links": {"self": "http://devstack.openstack.stack:35357/v3/credentials", "previous":
        null, "next": null}}'
    http_version: 
  recorded_at: Fri, 15 Jul 2016 13:11:49 GMT
- request:
    method: get
    uri: http://devstack.openstack.stack:35357/v3/credentials
    body:
      encoding: US-ASCII
      string: ''
    headers:
      User-Agent:
      - fog-core/1.40.0
      Content-Type:
      - application/json
      Accept:
      - application/json
      X-Auth-Token:
      - 5c889830fc0b4b1cb05a4930ec63aad1
  response:
    status:
      code: 200
      message: ''
    headers:
      Date:
      - Fri, 15 Jul 2016 13:12:18 GMT
      Server:
      - Apache/2.4.7 (Ubuntu)
      Vary:
      - X-Auth-Token
      X-Openstack-Request-Id:
      - req-93f0bb14-b75d-48e8-9e3f-796ad1410a2a
      Content-Length:
      - '545'
      Content-Type:
      - application/json
    body:
      encoding: UTF-8
      string: '{"credentials": [{"user_id": "d91cbca47fd540a796b385cf5394a482", "links":
        {"self": "http://devstack.openstack.stack:35357/v3/credentials/9e7bb4e633cc08cc863fe15351911e267f2a953b24c1a80f0f35e173303bafae"},
        "blob": "{\"access\":\"9c4e774a-f644-498f-90c4-970b3f817fc5\",\"secret\":\"62307bcd-ca3c-47ae-a114-27a6cadb5bc9\"}",
        "project_id": "2ab82e30d7984631874def67813dffd8", "type": "ec2", "id": "9e7bb4e633cc08cc863fe15351911e267f2a953b24c1a80f0f35e173303bafae"}],
        "links": {"self": "http://devstack.openstack.stack:35357/v3/credentials", "previous":
        null, "next": null}}'
    http_version: 
  recorded_at: Fri, 15 Jul 2016 13:11:49 GMT
- request:
    method: delete
    uri: http://devstack.openstack.stack:35357/v3/users/d91cbca47fd540a796b385cf5394a482
    body:
      encoding: US-ASCII
      string: ''
    headers:
      User-Agent:
      - fog-core/1.40.0
      Content-Type:
      - application/json
      Accept:
      - application/json
      X-Auth-Token:
      - 5c889830fc0b4b1cb05a4930ec63aad1
  response:
    status:
      code: 204
      message: ''
    headers:
      Date:
      - Fri, 15 Jul 2016 13:12:18 GMT
      Server:
      - Apache/2.4.7 (Ubuntu)
      Vary:
      - X-Auth-Token
      X-Openstack-Request-Id:
      - req-7be0d66e-6bf9-4e16-9b1c-9fbc617ce0b0
      Content-Length:
      - '0'
    body:
      encoding: UTF-8
      string: ''
    http_version: 
  recorded_at: Fri, 15 Jul 2016 13:11:49 GMT
- request:
    method: delete
    uri: http://devstack.openstack.stack:35357/v3/credentials/9e7bb4e633cc08cc863fe15351911e267f2a953b24c1a80f0f35e173303bafae
    body:
      encoding: US-ASCII
      string: ''
    headers:
      User-Agent:
      - fog-core/1.40.0
      Content-Type:
      - application/json
      Accept:
      - application/json
      X-Auth-Token:
      - 5c889830fc0b4b1cb05a4930ec63aad1
  response:
    status:
      code: 404
      message: ''
    headers:
      Date:
      - Fri, 15 Jul 2016 13:12:18 GMT
      Server:
      - Apache/2.4.7 (Ubuntu)
      Vary:
      - X-Auth-Token
      X-Openstack-Request-Id:
      - req-f73eb634-01ee-4dd1-9e75-0c91bd22e676
      Content-Length:
      - '152'
      Content-Type:
      - application/json
    body:
      encoding: UTF-8
      string: '{"error": {"message": "Could not find credential: 9e7bb4e633cc08cc863fe15351911e267f2a953b24c1a80f0f35e173303bafae",
        "code": 404, "title": "Not Found"}}'
    http_version: 
  recorded_at: Fri, 15 Jul 2016 13:11:49 GMT
- request:
    method: get
    uri: http://devstack.openstack.stack:35357/v3/credentials
    body:
      encoding: US-ASCII
      string: ''
    headers:
      User-Agent:
      - fog-core/1.40.0
      Content-Type:
      - application/json
      Accept:
      - application/json
      X-Auth-Token:
      - 5c889830fc0b4b1cb05a4930ec63aad1
  response:
    status:
      code: 200
      message: ''
    headers:
      Date:
      - Fri, 15 Jul 2016 13:12:18 GMT
      Server:
      - Apache/2.4.7 (Ubuntu)
      Vary:
      - X-Auth-Token
      X-Openstack-Request-Id:
      - req-8060819f-d13a-406e-bc0c-807479ba4f86
      Content-Length:
      - '114'
      Content-Type:
      - application/json
    body:
      encoding: UTF-8
      string: '{"credentials": [], "links": {"self": "http://devstack.openstack.stack:35357/v3/credentials",
        "previous": null, "next": null}}'
    http_version: 
  recorded_at: Fri, 15 Jul 2016 13:11:49 GMT
- request:
    method: get
    uri: http://devstack.openstack.stack:35357/v3/credentials/9e7bb4e633cc08cc863fe15351911e267f2a953b24c1a80f0f35e173303bafae
    body:
      encoding: US-ASCII
      string: ''
    headers:
      User-Agent:
      - fog-core/1.40.0
      Content-Type:
      - application/json
      Accept:
      - application/json
      X-Auth-Token:
      - 5c889830fc0b4b1cb05a4930ec63aad1
  response:
    status:
      code: 404
      message: ''
    headers:
      Date:
      - Fri, 15 Jul 2016 13:12:18 GMT
      Server:
      - Apache/2.4.7 (Ubuntu)
      Vary:
      - X-Auth-Token
      X-Openstack-Request-Id:
      - req-08b61880-f370-4ca0-b6b5-bacba6bb0fd7
      Content-Length:
      - '152'
      Content-Type:
      - application/json
    body:
      encoding: UTF-8
      string: '{"error": {"message": "Could not find credential: 9e7bb4e633cc08cc863fe15351911e267f2a953b24c1a80f0f35e173303bafae",
        "code": 404, "title": "Not Found"}}'
    http_version: 
  recorded_at: Fri, 15 Jul 2016 13:11:49 GMT
- request:
    method: get
    uri: http://devstack.openstack.stack:35357/v3/credentials
    body:
      encoding: US-ASCII
      string: ''
    headers:
      User-Agent:
      - fog-core/1.40.0
      Content-Type:
      - application/json
      Accept:
      - application/json
      X-Auth-Token:
      - 5c889830fc0b4b1cb05a4930ec63aad1
  response:
    status:
      code: 200
      message: ''
    headers:
      Date:
      - Fri, 15 Jul 2016 13:12:18 GMT
      Server:
      - Apache/2.4.7 (Ubuntu)
      Vary:
      - X-Auth-Token
      X-Openstack-Request-Id:
      - req-57e2a5c7-e513-4fb9-bc7c-cf5b234865c4
      Content-Length:
      - '114'
      Content-Type:
      - application/json
    body:
      encoding: UTF-8
      string: '{"credentials": [], "links": {"self": "http://devstack.openstack.stack:35357/v3/credentials",
        "previous": null, "next": null}}'
    http_version: 
  recorded_at: Fri, 15 Jul 2016 13:11:50 GMT
recorded_with: VCR 3.0.1
