---
http_interactions:
- request:
    method: get
    uri: http://devstack.openstack.stack:35357/v3/policies
    body:
      encoding: US-ASCII
      string: ''
    headers:
      User-Agent:
      - fog-core/1.38.0
      Proxy-Connection:
      - Keep-Alive
      Content-Type:
      - application/json
      Accept:
      - application/json
      X-Auth-Token:
      - 7f72291092a647578b115b853d129693
  response:
    status:
      code: 200
      message: ''
    headers:
      Date:
      - Tue, 03 May 2016 13:52:22 GMT
      Server:
      - Apache/2.4.7 (Ubuntu)
      Vary:
      - X-Auth-Token
      X-Openstack-Request-Id:
      - req-db7e6f25-7578-452a-b0ab-e0dd3ef2c469
      Content-Length:
      - '108'
      Content-Type:
      - application/json
      X-Cache:
      - MISS from i056593-u1404
      X-Cache-Lookup:
      - MISS from i056593-u1404:3128
      Via:
      - 1.1 i056593-u1404 (squid/3.3.8)
      Connection:
      - keep-alive
    body:
      encoding: UTF-8
      string: '{"links": {"self": "http://devstack.openstack.stack:35357/v3/policies", "previous":
        null, "next": null}, "policies": []}'
    http_version: 
  recorded_at: Tue, 03 May 2016 13:52:22 GMT
- request:
    method: get
    uri: http://devstack.openstack.stack:35357/v3/policies
    body:
      encoding: US-ASCII
      string: ''
    headers:
      User-Agent:
      - fog-core/1.38.0
      Proxy-Connection:
      - Keep-Alive
      Content-Type:
      - application/json
      Accept:
      - application/json
      X-Auth-Token:
      - 7f72291092a647578b115b853d129693
  response:
    status:
      code: 200
      message: ''
    headers:
      Date:
      - Tue, 03 May 2016 13:52:22 GMT
      Server:
      - Apache/2.4.7 (Ubuntu)
      Vary:
      - X-Auth-Token
      X-Openstack-Request-Id:
      - req-90d010a0-ad58-4e8a-90fd-31f406832a0e
      Content-Length:
      - '108'
      Content-Type:
      - application/json
      X-Cache:
      - MISS from i056593-u1404
      X-Cache-Lookup:
      - MISS from i056593-u1404:3128
      Via:
      - 1.1 i056593-u1404 (squid/3.3.8)
      Connection:
      - keep-alive
    body:
      encoding: UTF-8
      string: '{"links": {"self": "http://devstack.openstack.stack:35357/v3/policies", "previous":
        null, "next": null}, "policies": []}'
    http_version: 
  recorded_at: Tue, 03 May 2016 13:52:22 GMT
- request:
    method: get
    uri: http://devstack.openstack.stack:35357/v3/policies
    body:
      encoding: US-ASCII
      string: ''
    headers:
      User-Agent:
      - fog-core/1.38.0
      Proxy-Connection:
      - Keep-Alive
      Content-Type:
      - application/json
      Accept:
      - application/json
      X-Auth-Token:
      - 7f72291092a647578b115b853d129693
  response:
    status:
      code: 200
      message: ''
    headers:
      Date:
      - Tue, 03 May 2016 13:52:22 GMT
      Server:
      - Apache/2.4.7 (Ubuntu)
      Vary:
      - X-Auth-Token
      X-Openstack-Request-Id:
      - req-140644e7-4161-4df2-9987-21347004fb1a
      Content-Length:
      - '108'
      Content-Type:
      - application/json
      X-Cache:
      - MISS from i056593-u1404
      X-Cache-Lookup:
      - MISS from i056593-u1404:3128
      Via:
      - 1.1 i056593-u1404 (squid/3.3.8)
      Connection:
      - keep-alive
    body:
      encoding: UTF-8
      string: '{"links": {"self": "http://devstack.openstack.stack:35357/v3/policies", "previous":
        null, "next": null}, "policies": []}'
    http_version: 
  recorded_at: Tue, 03 May 2016 13:52:22 GMT
- request:
    method: get
    uri: http://devstack.openstack.stack:35357/v3/policies/atlantis
    body:
      encoding: US-ASCII
      string: ''
    headers:
      User-Agent:
      - fog-core/1.38.0
      Proxy-Connection:
      - Keep-Alive
      Content-Type:
      - application/json
      Accept:
      - application/json
      X-Auth-Token:
      - 7f72291092a647578b115b853d129693
  response:
    status:
      code: 404
      message: ''
    headers:
      Date:
      - Tue, 03 May 2016 13:52:22 GMT
      Server:
      - Apache/2.4.7 (Ubuntu)
      Vary:
      - X-Auth-Token
      X-Openstack-Request-Id:
      - req-7eefee91-d622-4505-b19a-1a27d6acd067
      Content-Length:
      - '92'
      Content-Type:
      - application/json
      X-Cache:
      - MISS from i056593-u1404
      X-Cache-Lookup:
      - MISS from i056593-u1404:3128
      Via:
      - 1.1 i056593-u1404 (squid/3.3.8)
      Connection:
      - keep-alive
    body:
      encoding: UTF-8
      string: '{"error": {"message": "Could not find policy: atlantis", "code": 404,
        "title": "Not Found"}}'
    http_version: 
  recorded_at: Tue, 03 May 2016 13:52:23 GMT
recorded_with: VCR 3.0.1
